Component: ARM Compiler 5.06 update 4 (build 422) Tool: armlink [4d35d2]

==============================================================================

Section Cross References

    main.o(i.HAL_GPIO_EXTI_Callback) refers to stm32l476g_discovery_glass_lcd.o(i.BSP_LCD_GLASS_Clear) for BSP_LCD_GLASS_Clear
    main.o(i.HAL_GPIO_EXTI_Callback) refers to stm32l476g_discovery_glass_lcd.o(i.BSP_LCD_GLASS_DisplayString) for BSP_LCD_GLASS_DisplayString
    main.o(i.HAL_TIM_OC_DelayElapsedCallback) refers to stm32l476g_discovery.o(i.BSP_LED_Toggle) for BSP_LED_Toggle
    main.o(i.HAL_TIM_OC_DelayElapsedCallback) refers to main.o(.data) for .data
    main.o(i.SystemClock_Config) refers to memseta.o(.text) for __aeabi_memclr4
    main.o(i.SystemClock_Config) refers to stm32l4xx_hal_rcc.o(i.HAL_RCC_OscConfig) for HAL_RCC_OscConfig
    main.o(i.SystemClock_Config) refers to stm32l4xx_hal_rcc.o(i.HAL_RCC_ClockConfig) for HAL_RCC_ClockConfig
    main.o(i.SystemClock_Config) refers to stm32l4xx_hal_pwr_ex.o(i.HAL_PWREx_ControlVoltageScaling) for HAL_PWREx_ControlVoltageScaling
    main.o(i.TIM3_Config) refers to stm32l4xx_hal_tim.o(i.HAL_TIM_Base_Init) for HAL_TIM_Base_Init
    main.o(i.TIM3_Config) refers to stm32l4xx_hal_tim.o(i.HAL_TIM_Base_Start_IT) for HAL_TIM_Base_Start_IT
    main.o(i.TIM3_Config) refers to system_stm32l4xx.o(.data) for SystemCoreClock
    main.o(i.TIM3_Config) refers to main.o(.data) for .data
    main.o(i.TIM3_Config) refers to main.o(.bss) for .bss
    main.o(i.TIM4_Config) refers to system_stm32l4xx.o(.data) for SystemCoreClock
    main.o(i.TIM4_Config) refers to main.o(.data) for .data
    main.o(i.TIM4_Config) refers to main.o(.bss) for .bss
    main.o(i.TIM4_OC_Config) refers to stm32l4xx_hal_tim.o(i.HAL_TIM_OC_Init) for HAL_TIM_OC_Init
    main.o(i.TIM4_OC_Config) refers to stm32l4xx_hal_tim.o(i.HAL_TIM_OC_ConfigChannel) for HAL_TIM_OC_ConfigChannel
    main.o(i.TIM4_OC_Config) refers to stm32l4xx_hal_tim.o(i.HAL_TIM_OC_Start_IT) for HAL_TIM_OC_Start_IT
    main.o(i.TIM4_OC_Config) refers to main.o(.bss) for .bss
    main.o(i.TIM4_OC_Config) refers to main.o(.data) for .data
    main.o(i.main) refers to stm32l4xx_hal.o(i.HAL_Init) for HAL_Init
    main.o(i.main) refers to main.o(i.SystemClock_Config) for SystemClock_Config
    main.o(i.main) refers to stm32l476g_discovery.o(i.BSP_LED_Init) for BSP_LED_Init
    main.o(i.main) refers to stm32l476g_discovery_glass_lcd.o(i.BSP_LCD_GLASS_Init) for BSP_LCD_GLASS_Init
    main.o(i.main) refers to stm32l476g_discovery.o(i.BSP_JOY_Init) for BSP_JOY_Init
    main.o(i.main) refers to main.o(i.TIM3_Config) for TIM3_Config
    main.o(i.main) refers to main.o(i.TIM4_Config) for TIM4_Config
    main.o(i.main) refers to main.o(i.TIM4_OC_Config) for TIM4_OC_Config
    main.o(i.main) refers to stm32l476g_discovery_glass_lcd.o(i.BSP_LCD_GLASS_ScrollSentence) for BSP_LCD_GLASS_ScrollSentence
    main.o(i.main) refers to main.o(.data) for .data
    stm32l4xx_hal_msp.o(i.HAL_TIM_Base_MspInit) refers to stm32l4xx_hal_cortex.o(i.HAL_NVIC_SetPriority) for HAL_NVIC_SetPriority
    stm32l4xx_hal_msp.o(i.HAL_TIM_Base_MspInit) refers to stm32l4xx_hal_cortex.o(i.HAL_NVIC_EnableIRQ) for HAL_NVIC_EnableIRQ
    stm32l4xx_hal_msp.o(i.HAL_TIM_OC_MspInit) refers to stm32l4xx_hal_cortex.o(i.HAL_NVIC_SetPriority) for HAL_NVIC_SetPriority
    stm32l4xx_hal_msp.o(i.HAL_TIM_OC_MspInit) refers to stm32l4xx_hal_cortex.o(i.HAL_NVIC_EnableIRQ) for HAL_NVIC_EnableIRQ
    stm32l4xx_it.o(i.EXTI0_IRQHandler) refers to stm32l4xx_hal_gpio.o(i.HAL_GPIO_EXTI_IRQHandler) for HAL_GPIO_EXTI_IRQHandler
    stm32l4xx_it.o(i.EXTI1_IRQHandler) refers to stm32l4xx_hal_gpio.o(i.HAL_GPIO_EXTI_IRQHandler) for HAL_GPIO_EXTI_IRQHandler
    stm32l4xx_it.o(i.EXTI2_IRQHandler) refers to stm32l4xx_hal_gpio.o(i.HAL_GPIO_EXTI_IRQHandler) for HAL_GPIO_EXTI_IRQHandler
    stm32l4xx_it.o(i.EXTI3_IRQHandler) refers to stm32l4xx_hal_gpio.o(i.HAL_GPIO_EXTI_IRQHandler) for HAL_GPIO_EXTI_IRQHandler
    stm32l4xx_it.o(i.EXTI9_5_IRQHandler) refers to stm32l4xx_hal_gpio.o(i.HAL_GPIO_EXTI_IRQHandler) for HAL_GPIO_EXTI_IRQHandler
    stm32l4xx_it.o(i.SysTick_Handler) refers to stm32l4xx_hal.o(i.HAL_IncTick) for HAL_IncTick
    stm32l4xx_it.o(i.TIM3_IRQHandler) refers to stm32l4xx_hal_tim.o(i.HAL_TIM_IRQHandler) for HAL_TIM_IRQHandler
    stm32l4xx_it.o(i.TIM3_IRQHandler) refers to main.o(.bss) for Tim3_Handle
    stm32l4xx_it.o(i.TIM4_IRQHandler) refers to stm32l4xx_hal_tim.o(i.HAL_TIM_IRQHandler) for HAL_TIM_IRQHandler
    stm32l4xx_it.o(i.TIM4_IRQHandler) refers to main.o(.bss) for Tim4_Handle
    stm32l476g_discovery.o(i.BSP_JOY_DeInit) refers to stm32l4xx_hal_gpio.o(i.HAL_GPIO_DeInit) for HAL_GPIO_DeInit
    stm32l476g_discovery.o(i.BSP_JOY_DeInit) refers to stm32l476g_discovery.o(.constdata) for .constdata
    stm32l476g_discovery.o(i.BSP_JOY_DeInit) refers to stm32l476g_discovery.o(.data) for .data
    stm32l476g_discovery.o(i.BSP_JOY_GetState) refers to stm32l4xx_hal_gpio.o(i.HAL_GPIO_ReadPin) for HAL_GPIO_ReadPin
[...]
    stm32l4xx_hal_tim_ex.o(i.HAL_TIMEx_HallSensor_Start_DMA) refers to stm32l4xx_hal_tim.o(i.TIM_DMACaptureCplt) for TIM_DMACaptureCplt
    stm32l4xx_hal_tim_ex.o(i.HAL_TIMEx_HallSensor_Start_DMA) refers to stm32l4xx_hal_tim.o(i.TIM_DMAError) for TIM_DMAError
    stm32l4xx_hal_tim_ex.o(i.HAL_TIMEx_HallSensor_Start_IT) refers to stm32l4xx_hal_tim.o(i.TIM_CCxChannelCmd) for TIM_CCxChannelCmd
    stm32l4xx_hal_tim_ex.o(i.HAL_TIMEx_HallSensor_Stop) refers to stm32l4xx_hal_tim.o(i.TIM_CCxChannelCmd) for TIM_CCxChannelCmd
    stm32l4xx_hal_tim_ex.o(i.HAL_TIMEx_HallSensor_Stop_DMA) refers to stm32l4xx_hal_tim.o(i.TIM_CCxChannelCmd) for TIM_CCxChannelCmd
    stm32l4xx_hal_tim_ex.o(i.HAL_TIMEx_HallSensor_Stop_IT) refers to stm32l4xx_hal_tim.o(i.TIM_CCxChannelCmd) for TIM_CCxChannelCmd
    stm32l4xx_hal_tim_ex.o(i.HAL_TIMEx_OCN_Start) refers to stm32l4xx_hal_tim_ex.o(i.TIM_CCxNChannelCmd) for TIM_CCxNChannelCmd
    stm32l4xx_hal_tim_ex.o(i.HAL_TIMEx_OCN_Start_DMA) refers to stm32l4xx_hal_dma.o(i.HAL_DMA_Start_IT) for HAL_DMA_Start_IT
    stm32l4xx_hal_tim_ex.o(i.HAL_TIMEx_OCN_Start_DMA) refers to stm32l4xx_hal_tim_ex.o(i.TIM_CCxNChannelCmd) for TIM_CCxNChannelCmd
    stm32l4xx_hal_tim_ex.o(i.HAL_TIMEx_OCN_Start_DMA) refers to stm32l4xx_hal_tim.o(i.TIM_DMADelayPulseCplt) for TIM_DMADelayPulseCplt
    stm32l4xx_hal_tim_ex.o(i.HAL_TIMEx_OCN_Start_DMA) refers to stm32l4xx_hal_tim.o(i.TIM_DMAError) for TIM_DMAError
    stm32l4xx_hal_tim_ex.o(i.HAL_TIMEx_OCN_Start_IT) refers to stm32l4xx_hal_tim_ex.o(i.TIM_CCxNChannelCmd) for TIM_CCxNChannelCmd
    stm32l4xx_hal_tim_ex.o(i.HAL_TIMEx_OCN_Stop) refers to stm32l4xx_hal_tim_ex.o(i.TIM_CCxNChannelCmd) for TIM_CCxNChannelCmd
    stm32l4xx_hal_tim_ex.o(i.HAL_TIMEx_OCN_Stop_DMA) refers to stm32l4xx_hal_tim_ex.o(i.TIM_CCxNChannelCmd) for TIM_CCxNChannelCmd
    stm32l4xx_hal_tim_ex.o(i.HAL_TIMEx_OCN_Stop_IT) refers to stm32l4xx_hal_tim_ex.o(i.TIM_CCxNChannelCmd) for TIM_CCxNChannelCmd
    stm32l4xx_hal_tim_ex.o(i.HAL_TIMEx_OnePulseN_Start) refers to stm32l4xx_hal_tim_ex.o(i.TIM_CCxNChannelCmd) for TIM_CCxNChannelCmd
    stm32l4xx_hal_tim_ex.o(i.HAL_TIMEx_OnePulseN_Start_IT) refers to stm32l4xx_hal_tim_ex.o(i.TIM_CCxNChannelCmd) for TIM_CCxNChannelCmd
    stm32l4xx_hal_tim_ex.o(i.HAL_TIMEx_OnePulseN_Stop) refers to stm32l4xx_hal_tim_ex.o(i.TIM_CCxNChannelCmd) for TIM_CCxNChannelCmd
    stm32l4xx_hal_tim_ex.o(i.HAL_TIMEx_OnePulseN_Stop_IT) refers to stm32l4xx_hal_tim_ex.o(i.TIM_CCxNChannelCmd) for TIM_CCxNChannelCmd
    stm32l4xx_hal_tim_ex.o(i.HAL_TIMEx_PWMN_Start) refers to stm32l4xx_hal_tim_ex.o(i.TIM_CCxNChannelCmd) for TIM_CCxNChannelCmd
    stm32l4xx_hal_tim_ex.o(i.HAL_TIMEx_PWMN_Start_DMA) refers to stm32l4xx_hal_dma.o(i.HAL_DMA_Start_IT) for HAL_DMA_Start_IT
    stm32l4xx_hal_tim_ex.o(i.HAL_TIMEx_PWMN_Start_DMA) refers to stm32l4xx_hal_tim_ex.o(i.TIM_CCxNChannelCmd) for TIM_CCxNChannelCmd
    stm32l4xx_hal_tim_ex.o(i.HAL_TIMEx_PWMN_Start_DMA) refers to stm32l4xx_hal_tim.o(i.TIM_DMADelayPulseCplt) for TIM_DMADelayPulseCplt
    stm32l4xx_hal_tim_ex.o(i.HAL_TIMEx_PWMN_Start_DMA) refers to stm32l4xx_hal_tim.o(i.TIM_DMAError) for TIM_DMAError
    stm32l4xx_hal_tim_ex.o(i.HAL_TIMEx_PWMN_Start_IT) refers to stm32l4xx_hal_tim_ex.o(i.TIM_CCxNChannelCmd) for TIM_CCxNChannelCmd
    stm32l4xx_hal_tim_ex.o(i.HAL_TIMEx_PWMN_Stop) refers to stm32l4xx_hal_tim_ex.o(i.TIM_CCxNChannelCmd) for TIM_CCxNChannelCmd
    stm32l4xx_hal_tim_ex.o(i.HAL_TIMEx_PWMN_Stop_DMA) refers to stm32l4xx_hal_tim_ex.o(i.TIM_CCxNChannelCmd) for TIM_CCxNChannelCmd
    stm32l4xx_hal_tim_ex.o(i.HAL_TIMEx_PWMN_Stop_IT) refers to stm32l4xx_hal_tim_ex.o(i.TIM_CCxNChannelCmd) for TIM_CCxNChannelCmd
    stm32l4xx_hal_tim_ex.o(i.TIMEx_DMACommutationCplt) refers to stm32l4xx_hal_tim_ex.o(i.HAL_TIMEx_CommutationCallback) for HAL_TIMEx_CommutationCallback
    stm32l4xx_hal_dma.o(i.HAL_DMA_PollForTransfer) refers to stm32l4xx_hal.o(i.HAL_GetTick) for HAL_GetTick
    stm32l4xx_hal_dma.o(i.HAL_DMA_Start) refers to stm32l4xx_hal_dma.o(i.DMA_SetConfig) for DMA_SetConfig
    stm32l4xx_hal_dma.o(i.HAL_DMA_Start_IT) refers to stm32l4xx_hal_dma.o(i.DMA_SetConfig) for DMA_SetConfig
    led_stm32l476g-eval.o(i.LED_Off) refers to led_stm32l476g-eval.o(.constdata) for .constdata
    led_stm32l476g-eval.o(i.LED_On) refers to led_stm32l476g-eval.o(.constdata) for .constdata
    led_stm32l476g-eval.o(i.LED_SetOut) refers to led_stm32l476g-eval.o(i.LED_On) for LED_On
    led_stm32l476g-eval.o(i.LED_SetOut) refers to led_stm32l476g-eval.o(i.LED_Off) for LED_Off
    startup_stm32l476xx.o(RESET) refers to startup_stm32l476xx.o(STACK) for __initial_sp
    startup_stm32l476xx.o(RESET) refers to startup_stm32l476xx.o(.text) for Reset_Handler
    startup_stm32l476xx.o(RESET) refers to stm32l4xx_it.o(i.NMI_Handler) for NMI_Handler
    startup_stm32l476xx.o(RESET) refers to stm32l4xx_it.o(i.HardFault_Handler) for HardFault_Handler
    startup_stm32l476xx.o(RESET) refers to stm32l4xx_it.o(i.MemManage_Handler) for MemManage_Handler
    startup_stm32l476xx.o(RESET) refers to stm32l4xx_it.o(i.BusFault_Handler) for BusFault_Handler
    startup_stm32l476xx.o(RESET) refers to stm32l4xx_it.o(i.UsageFault_Handler) for UsageFault_Handler
    startup_stm32l476xx.o(RESET) refers to stm32l4xx_it.o(i.SVC_Handler) for SVC_Handler
    startup_stm32l476xx.o(RESET) refers to stm32l4xx_it.o(i.DebugMon_Handler) for DebugMon_Handler
    startup_stm32l476xx.o(RESET) refers to stm32l4xx_it.o(i.PendSV_Handler) for PendSV_Handler
    startup_stm32l476xx.o(RESET) refers to stm32l4xx_it.o(i.SysTick_Handler) for SysTick_Handler
    startup_stm32l476xx.o(RESET) refers to stm32l4xx_it.o(i.EXTI0_IRQHandler) for EXTI0_IRQHandler
    startup_stm32l476xx.o(RESET) refers to stm32l4xx_it.o(i.EXTI1_IRQHandler) for EXTI1_IRQHandler
    startup_stm32l476xx.o(RESET) refers to stm32l4xx_it.o(i.EXTI2_IRQHandler) for EXTI2_IRQHandler
    startup_stm32l476xx.o(RESET) refers to stm32l4xx_it.o(i.EXTI3_IRQHandler) for EXTI3_IRQHandler
    startup_stm32l476xx.o(RESET) refers to stm32l4xx_it.o(i.EXTI9_5_IRQHandler) for EXTI9_5_IRQHandler
    startup_stm32l476xx.o(RESET) refers to stm32l4xx_it.o(i.TIM3_IRQHandler) for TIM3_IRQHandler
    startup_stm32l476xx.o(RESET) refers to stm32l4xx_it.o(i.TIM4_IRQHandler) for TIM4_IRQHandler
    startup_stm32l476xx.o(.text) refers to system_stm32l4xx.o(i.SystemInit) for SystemInit
    startup_stm32l476xx.o(.text) refers to entry.o(.ARM.Collect$$$$00000000) for __main
    system_stm32l4xx.o(i.SystemCoreClockUpdate) refers to system_stm32l4xx.o(.constdata) for .constdata
    system_stm32l4xx.o(i.SystemCoreClockUpdate) refers to system_stm32l4xx.o(.data) for .data
    entry.o(.ARM.Collect$$$$00000000) refers (Special) to entry10a.o(.ARM.Collect$$$$0000000D) for __rt_final_cpp
    entry.o(.ARM.Collect$$$$00000000) refers (Special) to entry11a.o(.ARM.Collect$$$$0000000F) for __rt_final_exit
    entry.o(.ARM.Collect$$$$00000000) refers (Special) to entry7b.o(.ARM.Collect$$$$00000008) for _main_clock
    entry.o(.ARM.Collect$$$$00000000) refers (Special) to entry8b.o(.ARM.Collect$$$$0000000A) for _main_cpp_init
    entry.o(.ARM.Collect$$$$00000000) refers (Special) to entry9a.o(.ARM.Collect$$$$0000000B) for _main_init
    entry.o(.ARM.Collect$$$$00000000) refers (Special) to entry5.o(.ARM.Collect$$$$00000004) for _main_scatterload
    entry.o(.ARM.Collect$$$$00000000) refers (Special) to entry2.o(.ARM.Collect$$$$00000001) for _main_stk
    entry2.o(.ARM.Collect$$$$00000001) refers to entry2.o(.ARM.Collect$$$$00002712) for __lit__00000000
    entry2.o(.ARM.Collect$$$$00002712) refers to startup_stm32l476xx.o(STACK) for __initial_sp
    entry2.o(__vectab_stack_and_reset_area) refers to startup_stm32l476xx.o(STACK) for __initial_sp
    entry2.o(__vectab_stack_and_reset_area) refers to entry.o(.ARM.Collect$$$$00000000) for __main
    entry5.o(.ARM.Collect$$$$00000004) refers to init.o(.text) for __scatterload
    entry9a.o(.ARM.Collect$$$$0000000B) refers to main.o(i.main) for main
    entry9b.o(.ARM.Collect$$$$0000000C) refers to main.o(i.main) for main
    init.o(.text) refers to entry5.o(.ARM.Collect$$$$00000004) for __main_after_scatterload


==============================================================================

Removing Unused input sections from the image.

    Removing main.o(.rev16_text), (4 bytes).
    Removing main.o(.revsh_text), (4 bytes).
    Removing main.o(.rrx_text), (6 bytes).
    Removing stm32l4xx_hal_msp.o(.rev16_text), (4 bytes).
    Removing stm32l4xx_hal_msp.o(.revsh_text), (4 bytes).
    Removing stm32l4xx_hal_msp.o(.rrx_text), (6 bytes).
    Removing stm32l4xx_hal_msp.o(i.HAL_MspDeInit), (2 bytes).
    Removing stm32l4xx_hal_msp.o(i.HAL_PPP_MspDeInit), (2 bytes).
    Removing stm32l4xx_hal_msp.o(i.HAL_PPP_MspInit), (2 bytes).
    Removing stm32l4xx_it.o(.rev16_text), (4 bytes).
    Removing stm32l4xx_it.o(.revsh_text), (4 bytes).
    Removing stm32l4xx_it.o(.rrx_text), (6 bytes).
    Removing stm32l476g_discovery.o(.rev16_text), (4 bytes).
    Removing stm32l476g_discovery.o(.revsh_text), (4 bytes).
    Removing stm32l476g_discovery.o(.rrx_text), (6 bytes).
    Removing stm32l476g_discovery.o(i.BSP_GetVersion), (6 bytes).
    Removing stm32l476g_discovery.o(i.BSP_JOY_DeInit), (84 bytes).
    Removing stm32l476g_discovery.o(i.BSP_JOY_GetState), (48 bytes).
    Removing stm32l476g_discovery.o(i.BSP_LED_DeInit), (76 bytes).
    Removing stm32l476g_discovery.o(i.BSP_LED_Off), (28 bytes).
    Removing stm32l476g_discovery.o(i.BSP_LED_On), (28 bytes).
    Removing stm32l476g_discovery.o(i.BSP_SupplyModeDetection), (96 bytes).
    Removing stm32l476g_discovery_glass_lcd.o(.rev16_text), (4 bytes).
    Removing stm32l476g_discovery_glass_lcd.o(.revsh_text), (4 bytes).
    Removing stm32l476g_discovery_glass_lcd.o(.rrx_text), (6 bytes).
    Removing stm32l476g_discovery_glass_lcd.o(i.BSP_LCD_GLASS_BarLevelConfig), (188 bytes).
    Removing stm32l476g_discovery_glass_lcd.o(i.BSP_LCD_GLASS_BlinkConfig), (28 bytes).
    Removing stm32l476g_discovery_glass_lcd.o(i.BSP_LCD_GLASS_ClearBar), (100 bytes).
    Removing stm32l476g_discovery_glass_lcd.o(i.BSP_LCD_GLASS_Contrast), (24 bytes).
    Removing stm32l476g_discovery_glass_lcd.o(i.BSP_LCD_GLASS_DeInit), (24 bytes).
    Removing stm32l476g_discovery_glass_lcd.o(i.BSP_LCD_GLASS_DisplayBar), (108 bytes).
    Removing stm32l476g_discovery_glass_lcd.o(i.BSP_LCD_GLASS_DisplayChar), (20 bytes).
    Removing stm32l476g_discovery_glass_lcd.o(i.BSP_LCD_GLASS_DisplayStrDeci), (84 bytes).
    Removing stm32l476g_discovery_glass_lcd.o(i.LCD_MspDeInit), (136 bytes).
    Removing stm32l4xx_hal.o(.rev16_text), (4 bytes).
    Removing stm32l4xx_hal.o(.revsh_text), (4 bytes).
    Removing stm32l4xx_hal.o(.rrx_text), (6 bytes).
    Removing stm32l4xx_hal.o(i.HAL_DBGMCU_DisableDBGSleepMode), (16 bytes).
    Removing stm32l4xx_hal.o(i.HAL_DBGMCU_DisableDBGStandbyMode), (16 bytes).
    Removing stm32l4xx_hal.o(i.HAL_DBGMCU_DisableDBGStopMode), (16 bytes).
    Removing stm32l4xx_hal.o(i.HAL_DBGMCU_EnableDBGSleepMode), (16 bytes).
    Removing stm32l4xx_hal.o(i.HAL_DBGMCU_EnableDBGStandbyMode), (16 bytes).
    Removing stm32l4xx_hal.o(i.HAL_DBGMCU_EnableDBGStopMode), (16 bytes).
    Removing stm32l4xx_hal.o(i.HAL_DeInit), (44 bytes).
    Removing stm32l4xx_hal.o(i.HAL_GetDEVID), (16 bytes).
    Removing stm32l4xx_hal.o(i.HAL_GetHalVersion), (8 bytes).
    Removing stm32l4xx_hal.o(i.HAL_GetREVID), (12 bytes).
    Removing stm32l4xx_hal.o(i.HAL_GetUIDw0), (12 bytes).
    Removing stm32l4xx_hal.o(i.HAL_GetUIDw1), (12 bytes).
    Removing stm32l4xx_hal.o(i.HAL_GetUIDw2), (12 bytes).
    Removing stm32l4xx_hal.o(i.HAL_MspDeInit), (2 bytes).
    Removing stm32l4xx_hal.o(i.HAL_MspInit), (2 bytes).
    Removing stm32l4xx_hal.o(i.HAL_ResumeTick), (14 bytes).
    Removing stm32l4xx_hal.o(i.HAL_SYSCFG_DisableIOAnalogSwitchBooster), (16 bytes).
    Removing stm32l4xx_hal.o(i.HAL_SYSCFG_DisableMemorySwappingBank), (12 bytes).
    Removing stm32l4xx_hal.o(i.HAL_SYSCFG_DisableVREFBUF), (16 bytes).
    Removing stm32l4xx_hal.o(i.HAL_SYSCFG_EnableIOAnalogSwitchBooster), (16 bytes).
    Removing stm32l4xx_hal.o(i.HAL_SYSCFG_EnableMemorySwappingBank), (12 bytes).
    Removing stm32l4xx_hal.o(i.HAL_SYSCFG_EnableVREFBUF), (48 bytes).
    Removing stm32l4xx_hal.o(i.HAL_SYSCFG_SRAM2Erase), (28 bytes).
    Removing stm32l4xx_hal.o(i.HAL_SYSCFG_VREFBUF_HighImpedanceConfig), (20 bytes).
    Removing stm32l4xx_hal.o(i.HAL_SYSCFG_VREFBUF_TrimmingConfig), (20 bytes).
    Removing stm32l4xx_hal.o(i.HAL_SYSCFG_VREFBUF_VoltageScalingConfig), (20 bytes).
    Removing stm32l4xx_hal.o(i.HAL_SuspendTick), (14 bytes).
    Removing stm32l4xx_hal_cortex.o(.rev16_text), (4 bytes).
    Removing stm32l4xx_hal_cortex.o(.revsh_text), (4 bytes).
    Removing stm32l4xx_hal_cortex.o(.rrx_text), (6 bytes).
    Removing stm32l4xx_hal_cortex.o(i.HAL_MPU_ConfigRegion), (84 bytes).
    Removing stm32l4xx_hal_cortex.o(i.HAL_NVIC_ClearPendingIRQ), (22 bytes).
    Removing stm32l4xx_hal_cortex.o(i.HAL_NVIC_DisableIRQ), (22 bytes).
    Removing stm32l4xx_hal_cortex.o(i.HAL_NVIC_GetActive), (32 bytes).
    Removing stm32l4xx_hal_cortex.o(i.HAL_NVIC_GetPendingIRQ), (32 bytes).
    Removing stm32l4xx_hal_cortex.o(i.HAL_NVIC_GetPriority), (82 bytes).
    Removing stm32l4xx_hal_cortex.o(i.HAL_NVIC_GetPriorityGrouping), (16 bytes).
    Removing stm32l4xx_hal_cortex.o(i.HAL_NVIC_SetPendingIRQ), (22 bytes).
    Removing stm32l4xx_hal_cortex.o(i.HAL_NVIC_SystemReset), (36 bytes).
    Removing stm32l4xx_hal_cortex.o(i.HAL_SYSTICK_CLKSourceConfig), (24 bytes).
    Removing stm32l4xx_hal_cortex.o(i.HAL_SYSTICK_Callback), (2 bytes).
    Removing stm32l4xx_hal_cortex.o(i.HAL_SYSTICK_IRQHandler), (8 bytes).
    Removing stm32l4xx_hal_gpio.o(.rev16_text), (4 bytes).
    Removing stm32l4xx_hal_gpio.o(.revsh_text), (4 bytes).
    Removing stm32l4xx_hal_gpio.o(.rrx_text), (6 bytes).
    Removing stm32l4xx_hal_gpio.o(i.HAL_GPIO_DeInit), (338 bytes).
    Removing stm32l4xx_hal_gpio.o(i.HAL_GPIO_EXTI_Callback), (2 bytes).
    Removing stm32l4xx_hal_gpio.o(i.HAL_GPIO_LockPin), (34 bytes).
    Removing stm32l4xx_hal_gpio.o(i.HAL_GPIO_ReadPin), (10 bytes).
    Removing stm32l4xx_hal_lcd.o(.rev16_text), (4 bytes).
    Removing stm32l4xx_hal_lcd.o(.revsh_text), (4 bytes).
    Removing stm32l4xx_hal_lcd.o(.rrx_text), (6 bytes).
    Removing stm32l4xx_hal_lcd.o(i.HAL_LCD_DeInit), (36 bytes).
    Removing stm32l4xx_hal_lcd.o(i.HAL_LCD_GetError), (4 bytes).
    Removing stm32l4xx_hal_lcd.o(i.HAL_LCD_GetState), (6 bytes).
    Removing stm32l4xx_hal_lcd.o(i.HAL_LCD_MspDeInit), (2 bytes).
    Removing stm32l4xx_hal_pwr.o(.rev16_text), (4 bytes).
    Removing stm32l4xx_hal_pwr.o(.revsh_text), (4 bytes).
    Removing stm32l4xx_hal_pwr.o(.rrx_text), (6 bytes).
    Removing stm32l4xx_hal_pwr.o(i.HAL_PWR_ConfigPVD), (128 bytes).
    Removing stm32l4xx_hal_pwr.o(i.HAL_PWR_DeInit), (24 bytes).
    Removing stm32l4xx_hal_pwr.o(i.HAL_PWR_DisableBkUpAccess), (16 bytes).
    Removing stm32l4xx_hal_pwr.o(i.HAL_PWR_DisablePVD), (16 bytes).
    Removing stm32l4xx_hal_pwr.o(i.HAL_PWR_DisableSEVOnPend), (16 bytes).
    Removing stm32l4xx_hal_pwr.o(i.HAL_PWR_DisableSleepOnExit), (16 bytes).
    Removing stm32l4xx_hal_pwr.o(i.HAL_PWR_DisableWakeUpPin), (20 bytes).
    Removing stm32l4xx_hal_pwr.o(i.HAL_PWR_EnableBkUpAccess), (16 bytes).
    Removing stm32l4xx_hal_pwr.o(i.HAL_PWR_EnablePVD), (16 bytes).
    Removing stm32l4xx_hal_pwr.o(i.HAL_PWR_EnableSEVOnPend), (16 bytes).
    Removing stm32l4xx_hal_pwr.o(i.HAL_PWR_EnableSleepOnExit), (16 bytes).
    Removing stm32l4xx_hal_pwr.o(i.HAL_PWR_EnableWakeUpPin), (28 bytes).
    Removing stm32l4xx_hal_pwr.o(i.HAL_PWR_EnterSLEEPMode), (68 bytes).
    Removing stm32l4xx_hal_pwr.o(i.HAL_PWR_EnterSTANDBYMode), (36 bytes).
    Removing stm32l4xx_hal_pwr.o(i.HAL_PWR_EnterSTOPMode), (16 bytes).
    Removing stm32l4xx_hal_pwr.o(i.HAL_PWR_PVDCallback), (2 bytes).
    Removing stm32l4xx_hal_pwr_ex.o(.rev16_text), (4 bytes).
    Removing stm32l4xx_hal_pwr_ex.o(.revsh_text), (4 bytes).
    Removing stm32l4xx_hal_pwr_ex.o(.rrx_text), (6 bytes).
    Removing stm32l4xx_hal_pwr_ex.o(i.HAL_PWREx_ConfigPVM), (404 bytes).
    Removing stm32l4xx_hal_pwr_ex.o(i.HAL_PWREx_DisableBatteryCharging), (16 bytes).
    Removing stm32l4xx_hal_pwr_ex.o(i.HAL_PWREx_DisableGPIOPullDown), (104 bytes).
    Removing stm32l4xx_hal_pwr_ex.o(i.HAL_PWREx_DisableGPIOPullUp), (100 bytes).
    Removing stm32l4xx_hal_pwr_ex.o(i.HAL_PWREx_DisableInternalWakeUpLine), (16 bytes).
    Removing stm32l4xx_hal_pwr_ex.o(i.HAL_PWREx_DisableLowPowerRunMode), (64 bytes).
    Removing stm32l4xx_hal_pwr_ex.o(i.HAL_PWREx_DisablePVM1), (16 bytes).
    Removing stm32l4xx_hal_pwr_ex.o(i.HAL_PWREx_DisablePVM2), (16 bytes).
    Removing stm32l4xx_hal_pwr_ex.o(i.HAL_PWREx_DisablePVM3), (16 bytes).
    Removing stm32l4xx_hal_pwr_ex.o(i.HAL_PWREx_DisablePVM4), (16 bytes).
    Removing stm32l4xx_hal_pwr_ex.o(i.HAL_PWREx_DisablePullUpPullDownConfig), (16 bytes).
    Removing stm32l4xx_hal_pwr_ex.o(i.HAL_PWREx_DisableSRAM2ContentRetention), (16 bytes).
    Removing stm32l4xx_hal_pwr_ex.o(i.HAL_PWREx_DisableVddIO2), (16 bytes).
    Removing stm32l4xx_hal_pwr_ex.o(i.HAL_PWREx_DisableVddUSB), (16 bytes).
    Removing stm32l4xx_hal_pwr_ex.o(i.HAL_PWREx_EnableBatteryCharging), (28 bytes).
    Removing stm32l4xx_hal_pwr_ex.o(i.HAL_PWREx_EnableGPIOPullDown), (156 bytes).
    Removing stm32l4xx_hal_pwr_ex.o(i.HAL_PWREx_EnableGPIOPullUp), (156 bytes).
    Removing stm32l4xx_hal_pwr_ex.o(i.HAL_PWREx_EnableInternalWakeUpLine), (16 bytes).
    Removing stm32l4xx_hal_pwr_ex.o(i.HAL_PWREx_EnableLowPowerRunMode), (16 bytes).
    Removing stm32l4xx_hal_pwr_ex.o(i.HAL_PWREx_EnablePVM1), (16 bytes).
    Removing stm32l4xx_hal_pwr_ex.o(i.HAL_PWREx_EnablePVM2), (16 bytes).
    Removing stm32l4xx_hal_pwr_ex.o(i.HAL_PWREx_EnablePVM3), (16 bytes).
    Removing stm32l4xx_hal_pwr_ex.o(i.HAL_PWREx_EnablePVM4), (16 bytes).
    Removing stm32l4xx_hal_pwr_ex.o(i.HAL_PWREx_EnablePullUpPullDownConfig), (16 bytes).
    Removing stm32l4xx_hal_pwr_ex.o(i.HAL_PWREx_EnableSRAM2ContentRetention), (16 bytes).
    Removing stm32l4xx_hal_pwr_ex.o(i.HAL_PWREx_EnableVddIO2), (16 bytes).
    Removing stm32l4xx_hal_pwr_ex.o(i.HAL_PWREx_EnableVddUSB), (16 bytes).
    Removing stm32l4xx_hal_pwr_ex.o(i.HAL_PWREx_EnterSHUTDOWNMode), (36 bytes).
    Removing stm32l4xx_hal_pwr_ex.o(i.HAL_PWREx_EnterSTOP0Mode), (52 bytes).
    Removing stm32l4xx_hal_pwr_ex.o(i.HAL_PWREx_EnterSTOP1Mode), (56 bytes).
    Removing stm32l4xx_hal_pwr_ex.o(i.HAL_PWREx_EnterSTOP2Mode), (56 bytes).
    Removing stm32l4xx_hal_pwr_ex.o(i.HAL_PWREx_PVD_PVM_IRQHandler), (88 bytes).
    Removing stm32l4xx_hal_pwr_ex.o(i.HAL_PWREx_PVM1Callback), (2 bytes).
    Removing stm32l4xx_hal_pwr_ex.o(i.HAL_PWREx_PVM2Callback), (2 bytes).
    Removing stm32l4xx_hal_pwr_ex.o(i.HAL_PWREx_PVM3Callback), (2 bytes).
    Removing stm32l4xx_hal_pwr_ex.o(i.HAL_PWREx_PVM4Callback), (2 bytes).
    Removing stm32l4xx_hal_rcc.o(.rev16_text), (4 bytes).
    Removing stm32l4xx_hal_rcc.o(.revsh_text), (4 bytes).
    Removing stm32l4xx_hal_rcc.o(.rrx_text), (6 bytes).
    Removing stm32l4xx_hal_rcc.o(i.HAL_RCC_CSSCallback), (2 bytes).
    Removing stm32l4xx_hal_rcc.o(i.HAL_RCC_DeInit), (108 bytes).
    Removing stm32l4xx_hal_rcc.o(i.HAL_RCC_EnableCSS), (16 bytes).
    Removing stm32l4xx_hal_rcc.o(i.HAL_RCC_GetClockConfig), (64 bytes).
    Removing stm32l4xx_hal_rcc.o(i.HAL_RCC_GetHCLKFreq), (12 bytes).
    Removing stm32l4xx_hal_rcc.o(i.HAL_RCC_GetOscConfig), (308 bytes).
    Removing stm32l4xx_hal_rcc.o(i.HAL_RCC_GetPCLK1Freq), (48 bytes).
    Removing stm32l4xx_hal_rcc.o(i.HAL_RCC_GetPCLK2Freq), (48 bytes).
    Removing stm32l4xx_hal_rcc.o(i.HAL_RCC_MCOConfig), (72 bytes).
    Removing stm32l4xx_hal_rcc.o(i.HAL_RCC_NMI_IRQHandler), (24 bytes).
    Removing stm32l4xx_hal_rcc_ex.o(.rev16_text), (4 bytes).
    Removing stm32l4xx_hal_rcc_ex.o(.revsh_text), (4 bytes).
    Removing stm32l4xx_hal_rcc_ex.o(.rrx_text), (6 bytes).
    Removing stm32l4xx_hal_rcc_ex.o(i.HAL_RCCEx_DisableLSCO), (88 bytes).
    Removing stm32l4xx_hal_rcc_ex.o(i.HAL_RCCEx_DisableLSECSS), (28 bytes).
    Removing stm32l4xx_hal_rcc_ex.o(i.HAL_RCCEx_DisableMSIPLLMode), (16 bytes).
    Removing stm32l4xx_hal_rcc_ex.o(i.HAL_RCCEx_DisablePLLSAI1), (84 bytes).
    Removing stm32l4xx_hal_rcc_ex.o(i.HAL_RCCEx_DisablePLLSAI2), (84 bytes).
    Removing stm32l4xx_hal_rcc_ex.o(i.HAL_RCCEx_EnableLSCO), (140 bytes).
    Removing stm32l4xx_hal_rcc_ex.o(i.HAL_RCCEx_EnableLSECSS), (20 bytes).
    Removing stm32l4xx_hal_rcc_ex.o(i.HAL_RCCEx_EnableLSECSS_IT), (56 bytes).
    Removing stm32l4xx_hal_rcc_ex.o(i.HAL_RCCEx_EnableMSIPLLMode), (16 bytes).
    Removing stm32l4xx_hal_rcc_ex.o(i.HAL_RCCEx_EnablePLLSAI1), (188 bytes).
    Removing stm32l4xx_hal_rcc_ex.o(i.HAL_RCCEx_EnablePLLSAI2), (164 bytes).
    Removing stm32l4xx_hal_rcc_ex.o(i.HAL_RCCEx_GetPeriphCLKConfig), (408 bytes).
    Removing stm32l4xx_hal_rcc_ex.o(i.HAL_RCCEx_GetPeriphCLKFreq), (1178 bytes).
    Removing stm32l4xx_hal_rcc_ex.o(i.HAL_RCCEx_LSECSS_Callback), (2 bytes).
    Removing stm32l4xx_hal_rcc_ex.o(i.HAL_RCCEx_LSECSS_IRQHandler), (24 bytes).
    Removing stm32l4xx_hal_rcc_ex.o(i.HAL_RCCEx_StandbyMSIRangeConfig), (24 bytes).
    Removing stm32l4xx_hal_rcc_ex.o(i.HAL_RCCEx_WakeUpStopCLKConfig), (20 bytes).
    Removing stm32l4xx_hal_tim.o(.rev16_text), (4 bytes).
    Removing stm32l4xx_hal_tim.o(.revsh_text), (4 bytes).
    Removing stm32l4xx_hal_tim.o(.rrx_text), (6 bytes).
    Removing stm32l4xx_hal_tim.o(i.HAL_TIM_Base_DeInit), (56 bytes).
    Removing stm32l4xx_hal_tim.o(i.HAL_TIM_Base_GetState), (6 bytes).
    Removing stm32l4xx_hal_tim.o(i.HAL_TIM_Base_MspDeInit), (2 bytes).
    Removing stm32l4xx_hal_tim.o(i.HAL_TIM_Base_MspInit), (2 bytes).
    Removing stm32l4xx_hal_tim.o(i.HAL_TIM_Base_Start), (26 bytes).
    Removing stm32l4xx_hal_tim.o(i.HAL_TIM_Base_Start_DMA), (92 bytes).
    Removing stm32l4xx_hal_tim.o(i.HAL_TIM_Base_Stop), (44 bytes).
    Removing stm32l4xx_hal_tim.o(i.HAL_TIM_Base_Stop_DMA), (48 bytes).
    Removing stm32l4xx_hal_tim.o(i.HAL_TIM_Base_Stop_IT), (42 bytes).
    Removing stm32l4xx_hal_tim.o(i.HAL_TIM_ConfigClockSource), (252 bytes).
    Removing stm32l4xx_hal_tim.o(i.HAL_TIM_ConfigOCrefClear), (258 bytes).
    Removing stm32l4xx_hal_tim.o(i.HAL_TIM_ConfigTI1Input), (16 bytes).
    Removing stm32l4xx_hal_tim.o(i.HAL_TIM_DMABurst_ReadStart), (260 bytes).
    Removing stm32l4xx_hal_tim.o(i.HAL_TIM_DMABurst_ReadStop), (96 bytes).
    Removing stm32l4xx_hal_tim.o(i.HAL_TIM_DMABurst_WriteStart), (260 bytes).
    Removing stm32l4xx_hal_tim.o(i.HAL_TIM_DMABurst_WriteStop), (96 bytes).
    Removing stm32l4xx_hal_tim.o(i.HAL_TIM_Encoder_DeInit), (56 bytes).
    Removing stm32l4xx_hal_tim.o(i.HAL_TIM_Encoder_GetState), (6 bytes).
    Removing stm32l4xx_hal_tim.o(i.HAL_TIM_Encoder_Init), (156 bytes).
    Removing stm32l4xx_hal_tim.o(i.HAL_TIM_Encoder_MspDeInit), (2 bytes).
    Removing stm32l4xx_hal_tim.o(i.HAL_TIM_Encoder_MspInit), (2 bytes).
    Removing stm32l4xx_hal_tim.o(i.HAL_TIM_Encoder_Start), (52 bytes).
    Removing stm32l4xx_hal_tim.o(i.HAL_TIM_Encoder_Start_DMA), (272 bytes).
    Removing stm32l4xx_hal_tim.o(i.HAL_TIM_Encoder_Start_IT), (92 bytes).
    Removing stm32l4xx_hal_tim.o(i.HAL_TIM_Encoder_Stop), (70 bytes).
    Removing stm32l4xx_hal_tim.o(i.HAL_TIM_Encoder_Stop_DMA), (116 bytes).
    Removing stm32l4xx_hal_tim.o(i.HAL_TIM_Encoder_Stop_IT), (116 bytes).
    Removing stm32l4xx_hal_tim.o(i.HAL_TIM_ErrorCallback), (2 bytes).
    Removing stm32l4xx_hal_tim.o(i.HAL_TIM_GenerateEvent), (38 bytes).
    Removing stm32l4xx_hal_tim.o(i.HAL_TIM_IC_ConfigChannel), (286 bytes).
    Removing stm32l4xx_hal_tim.o(i.HAL_TIM_IC_DeInit), (56 bytes).
    Removing stm32l4xx_hal_tim.o(i.HAL_TIM_IC_GetState), (6 bytes).
    Removing stm32l4xx_hal_tim.o(i.HAL_TIM_IC_Init), (54 bytes).
    Removing stm32l4xx_hal_tim.o(i.HAL_TIM_IC_MspDeInit), (2 bytes).
    Removing stm32l4xx_hal_tim.o(i.HAL_TIM_IC_MspInit), (2 bytes).
    Removing stm32l4xx_hal_tim.o(i.HAL_TIM_IC_Start), (26 bytes).
    Removing stm32l4xx_hal_tim.o(i.HAL_TIM_IC_Start_DMA), (200 bytes).
    Removing stm32l4xx_hal_tim.o(i.HAL_TIM_IC_Start_IT), (76 bytes).
    Removing stm32l4xx_hal_tim.o(i.HAL_TIM_IC_Stop), (44 bytes).
    Removing stm32l4xx_hal_tim.o(i.HAL_TIM_IC_Stop_DMA), (100 bytes).
    Removing stm32l4xx_hal_tim.o(i.HAL_TIM_IC_Stop_IT), (94 bytes).
    Removing stm32l4xx_hal_tim.o(i.HAL_TIM_OC_DeInit), (56 bytes).
    Removing stm32l4xx_hal_tim.o(i.HAL_TIM_OC_DelayElapsedCallback), (2 bytes).
    Removing stm32l4xx_hal_tim.o(i.HAL_TIM_OC_GetState), (6 bytes).
    Removing stm32l4xx_hal_tim.o(i.HAL_TIM_OC_MspDeInit), (2 bytes).
    Removing stm32l4xx_hal_tim.o(i.HAL_TIM_OC_MspInit), (2 bytes).
    Removing stm32l4xx_hal_tim.o(i.HAL_TIM_OC_Start), (88 bytes).
    Removing stm32l4xx_hal_tim.o(i.HAL_TIM_OC_Start_DMA), (268 bytes).
    Removing stm32l4xx_hal_tim.o(i.HAL_TIM_OC_Stop), (116 bytes).
    Removing stm32l4xx_hal_tim.o(i.HAL_TIM_OC_Stop_DMA), (172 bytes).
    Removing stm32l4xx_hal_tim.o(i.HAL_TIM_OC_Stop_IT), (168 bytes).
    Removing stm32l4xx_hal_tim.o(i.HAL_TIM_OnePulse_ConfigChannel), (224 bytes).
    Removing stm32l4xx_hal_tim.o(i.HAL_TIM_OnePulse_DeInit), (56 bytes).
    Removing stm32l4xx_hal_tim.o(i.HAL_TIM_OnePulse_GetState), (6 bytes).
    Removing stm32l4xx_hal_tim.o(i.HAL_TIM_OnePulse_Init), (74 bytes).
    Removing stm32l4xx_hal_tim.o(i.HAL_TIM_OnePulse_MspDeInit), (2 bytes).
    Removing stm32l4xx_hal_tim.o(i.HAL_TIM_OnePulse_MspInit), (2 bytes).
    Removing stm32l4xx_hal_tim.o(i.HAL_TIM_OnePulse_Start), (88 bytes).
    Removing stm32l4xx_hal_tim.o(i.HAL_TIM_OnePulse_Start_IT), (108 bytes).
    Removing stm32l4xx_hal_tim.o(i.HAL_TIM_OnePulse_Stop), (128 bytes).
    Removing stm32l4xx_hal_tim.o(i.HAL_TIM_OnePulse_Stop_IT), (148 bytes).
    Removing stm32l4xx_hal_tim.o(i.HAL_TIM_PWM_ConfigChannel), (296 bytes).
    Removing stm32l4xx_hal_tim.o(i.HAL_TIM_PWM_DeInit), (56 bytes).
    Removing stm32l4xx_hal_tim.o(i.HAL_TIM_PWM_GetState), (6 bytes).
    Removing stm32l4xx_hal_tim.o(i.HAL_TIM_PWM_Init), (54 bytes).
    Removing stm32l4xx_hal_tim.o(i.HAL_TIM_PWM_MspDeInit), (2 bytes).
    Removing stm32l4xx_hal_tim.o(i.HAL_TIM_PWM_MspInit), (2 bytes).
    Removing stm32l4xx_hal_tim.o(i.HAL_TIM_PWM_Start), (88 bytes).
    Removing stm32l4xx_hal_tim.o(i.HAL_TIM_PWM_Start_DMA), (268 bytes).
    Removing stm32l4xx_hal_tim.o(i.HAL_TIM_PWM_Start_IT), (136 bytes).
    Removing stm32l4xx_hal_tim.o(i.HAL_TIM_PWM_Stop), (124 bytes).
    Removing stm32l4xx_hal_tim.o(i.HAL_TIM_PWM_Stop_DMA), (172 bytes).
    Removing stm32l4xx_hal_tim.o(i.HAL_TIM_PWM_Stop_IT), (168 bytes).
    Removing stm32l4xx_hal_tim.o(i.HAL_TIM_PeriodElapsedCallback), (2 bytes).
    Removing stm32l4xx_hal_tim.o(i.HAL_TIM_ReadCapturedValue), (68 bytes).
    Removing stm32l4xx_hal_tim.o(i.HAL_TIM_SlaveConfigSynchronization), (66 bytes).
    Removing stm32l4xx_hal_tim.o(i.HAL_TIM_SlaveConfigSynchronization_IT), (66 bytes).
    Removing stm32l4xx_hal_tim.o(i.TIM_DMACaptureCplt), (62 bytes).
    Removing stm32l4xx_hal_tim.o(i.TIM_DMADelayPulseCplt), (62 bytes).
    Removing stm32l4xx_hal_tim.o(i.TIM_DMAError), (16 bytes).
    Removing stm32l4xx_hal_tim.o(i.TIM_DMAPeriodElapsedCplt), (16 bytes).
    Removing stm32l4xx_hal_tim.o(i.TIM_DMATriggerCplt), (16 bytes).
    Removing stm32l4xx_hal_tim.o(i.TIM_ETR_SetConfig), (20 bytes).
    Removing stm32l4xx_hal_tim.o(i.TIM_ITRx_SetConfig), (16 bytes).
    Removing stm32l4xx_hal_tim.o(i.TIM_SlaveTimer_SetConfig), (128 bytes).
    Removing stm32l4xx_hal_tim.o(i.TIM_TI1_ConfigInputStage), (34 bytes).
    Removing stm32l4xx_hal_tim.o(i.TIM_TI1_SetConfig), (120 bytes).
    Removing stm32l4xx_hal_tim.o(i.TIM_TI2_ConfigInputStage), (36 bytes).
    Removing stm32l4xx_hal_tim.o(i.TIM_TI2_SetConfig), (54 bytes).
    Removing stm32l4xx_hal_tim_ex.o(.rev16_text), (4 bytes).
    Removing stm32l4xx_hal_tim_ex.o(.revsh_text), (4 bytes).
    Removing stm32l4xx_hal_tim_ex.o(.rrx_text), (6 bytes).
    Removing stm32l4xx_hal_tim_ex.o(i.HAL_TIMEx_ConfigBreakDeadTime), (148 bytes).
    Removing stm32l4xx_hal_tim_ex.o(i.HAL_TIMEx_ConfigBreakInput), (184 bytes).
    Removing stm32l4xx_hal_tim_ex.o(i.HAL_TIMEx_ConfigCommutationEvent), (92 bytes).
    Removing stm32l4xx_hal_tim_ex.o(i.HAL_TIMEx_ConfigCommutationEvent_DMA), (124 bytes).
    Removing stm32l4xx_hal_tim_ex.o(i.HAL_TIMEx_ConfigCommutationEvent_IT), (102 bytes).
    Removing stm32l4xx_hal_tim_ex.o(i.HAL_TIMEx_GroupChannel5), (56 bytes).
    Removing stm32l4xx_hal_tim_ex.o(i.HAL_TIMEx_HallSensor_DeInit), (56 bytes).
    Removing stm32l4xx_hal_tim_ex.o(i.HAL_TIMEx_HallSensor_GetState), (6 bytes).
    Removing stm32l4xx_hal_tim_ex.o(i.HAL_TIMEx_HallSensor_Init), (192 bytes).
    Removing stm32l4xx_hal_tim_ex.o(i.HAL_TIMEx_HallSensor_MspDeInit), (2 bytes).
    Removing stm32l4xx_hal_tim_ex.o(i.HAL_TIMEx_HallSensor_MspInit), (2 bytes).
    Removing stm32l4xx_hal_tim_ex.o(i.HAL_TIMEx_HallSensor_Start), (28 bytes).
    Removing stm32l4xx_hal_tim_ex.o(i.HAL_TIMEx_HallSensor_Start_DMA), (104 bytes).
    Removing stm32l4xx_hal_tim_ex.o(i.HAL_TIMEx_HallSensor_Start_IT), (38 bytes).
    Removing stm32l4xx_hal_tim_ex.o(i.HAL_TIMEx_HallSensor_Stop), (46 bytes).
    Removing stm32l4xx_hal_tim_ex.o(i.HAL_TIMEx_HallSensor_Stop_DMA), (56 bytes).
    Removing stm32l4xx_hal_tim_ex.o(i.HAL_TIMEx_HallSensor_Stop_IT), (56 bytes).
    Removing stm32l4xx_hal_tim_ex.o(i.HAL_TIMEx_MasterConfigSynchronization), (88 bytes).
    Removing stm32l4xx_hal_tim_ex.o(i.HAL_TIMEx_OCN_Start), (36 bytes).
    Removing stm32l4xx_hal_tim_ex.o(i.HAL_TIMEx_OCN_Start_DMA), (220 bytes).
    Removing stm32l4xx_hal_tim_ex.o(i.HAL_TIMEx_OCN_Start_IT), (96 bytes).
    Removing stm32l4xx_hal_tim_ex.o(i.HAL_TIMEx_OCN_Stop), (68 bytes).
    Removing stm32l4xx_hal_tim_ex.o(i.HAL_TIMEx_OCN_Stop_DMA), (124 bytes).
    Removing stm32l4xx_hal_tim_ex.o(i.HAL_TIMEx_OCN_Stop_IT), (134 bytes).
    Removing stm32l4xx_hal_tim_ex.o(i.HAL_TIMEx_OnePulseN_Start), (26 bytes).
    Removing stm32l4xx_hal_tim_ex.o(i.HAL_TIMEx_OnePulseN_Start_IT), (46 bytes).
    Removing stm32l4xx_hal_tim_ex.o(i.HAL_TIMEx_OnePulseN_Stop), (68 bytes).
    Removing stm32l4xx_hal_tim_ex.o(i.HAL_TIMEx_OnePulseN_Stop_IT), (88 bytes).
    Removing stm32l4xx_hal_tim_ex.o(i.HAL_TIMEx_PWMN_Start), (36 bytes).
    Removing stm32l4xx_hal_tim_ex.o(i.HAL_TIMEx_PWMN_Start_DMA), (220 bytes).
    Removing stm32l4xx_hal_tim_ex.o(i.HAL_TIMEx_PWMN_Start_IT), (96 bytes).
    Removing stm32l4xx_hal_tim_ex.o(i.HAL_TIMEx_PWMN_Stop), (68 bytes).
    Removing stm32l4xx_hal_tim_ex.o(i.HAL_TIMEx_PWMN_Stop_DMA), (124 bytes).
    Removing stm32l4xx_hal_tim_ex.o(i.HAL_TIMEx_PWMN_Stop_IT), (134 bytes).
    Removing stm32l4xx_hal_tim_ex.o(i.HAL_TIMEx_RemapConfig), (100 bytes).
    Removing stm32l4xx_hal_tim_ex.o(i.TIMEx_DMACommutationCplt), (16 bytes).
    Removing stm32l4xx_hal_tim_ex.o(i.TIM_CCxNChannelCmd), (22 bytes).
    Removing stm32l4xx_hal_dma.o(.rev16_text), (4 bytes).
    Removing stm32l4xx_hal_dma.o(.revsh_text), (4 bytes).
    Removing stm32l4xx_hal_dma.o(.rrx_text), (6 bytes).
    Removing stm32l4xx_hal_dma.o(i.DMA_SetConfig), (42 bytes).
    Removing stm32l4xx_hal_dma.o(i.HAL_DMA_Abort), (68 bytes).
    Removing stm32l4xx_hal_dma.o(i.HAL_DMA_Abort_IT), (74 bytes).
    Removing stm32l4xx_hal_dma.o(i.HAL_DMA_DeInit), (140 bytes).
    Removing stm32l4xx_hal_dma.o(i.HAL_DMA_GetError), (4 bytes).
    Removing stm32l4xx_hal_dma.o(i.HAL_DMA_GetState), (6 bytes).
    Removing stm32l4xx_hal_dma.o(i.HAL_DMA_IRQHandler), (168 bytes).
    Removing stm32l4xx_hal_dma.o(i.HAL_DMA_Init), (192 bytes).
    Removing stm32l4xx_hal_dma.o(i.HAL_DMA_PollForTransfer), (212 bytes).
    Removing stm32l4xx_hal_dma.o(i.HAL_DMA_RegisterCallback), (74 bytes).
    Removing stm32l4xx_hal_dma.o(i.HAL_DMA_Start), (80 bytes).
    Removing stm32l4xx_hal_dma.o(i.HAL_DMA_Start_IT), (112 bytes).
    Removing stm32l4xx_hal_dma.o(i.HAL_DMA_UnRegisterCallback), (82 bytes).
    Removing buttons_stm32l476g-eval.o(.rev16_text), (4 bytes).
    Removing buttons_stm32l476g-eval.o(.revsh_text), (4 bytes).
    Removing buttons_stm32l476g-eval.o(.rrx_text), (6 bytes).
    Removing buttons_stm32l476g-eval.o(i.Buttons_GetCount), (4 bytes).
    Removing buttons_stm32l476g-eval.o(i.Buttons_GetState), (20 bytes).
    Removing buttons_stm32l476g-eval.o(i.Buttons_Initialize), (64 bytes).
    Removing buttons_stm32l476g-eval.o(i.Buttons_Uninitialize), (20 bytes).
    Removing led_stm32l476g-eval.o(.rev16_text), (4 bytes).
    Removing led_stm32l476g-eval.o(.revsh_text), (4 bytes).
    Removing led_stm32l476g-eval.o(.rrx_text), (6 bytes).
    Removing led_stm32l476g-eval.o(i.LED_GetCount), (4 bytes).
    Removing led_stm32l476g-eval.o(i.LED_Initialize), (80 bytes).
    Removing led_stm32l476g-eval.o(i.LED_Off), (28 bytes).
    Removing led_stm32l476g-eval.o(i.LED_On), (28 bytes).
    Removing led_stm32l476g-eval.o(i.LED_SetOut), (26 bytes).
    Removing led_stm32l476g-eval.o(i.LED_Uninitialize), (4 bytes).
    Removing led_stm32l476g-eval.o(.constdata), (4 bytes).
    Removing startup_stm32l476xx.o(HEAP), (512 bytes).
    Removing system_stm32l4xx.o(.rev16_text), (4 bytes).
    Removing system_stm32l4xx.o(.revsh_text), (4 bytes).
    Removing system_stm32l4xx.o(.rrx_text), (6 bytes).
    Removing system_stm32l4xx.o(i.SystemCoreClockUpdate), (168 bytes).
    Removing system_stm32l4xx.o(.constdata), (8 bytes).

355 unused section(s) (total 20614 bytes) removed from the image.

==============================================================================

Image Symbol Table

    Local Symbols

    Symbol Name                              Value     Ov Type        Size  Object(Section)

    ../clib/microlib/init/entry.s            0x00000000   Number         0  entry8a.o ABSOLUTE
    ../clib/microlib/init/entry.s            0x00000000   Number         0  entry7b.o ABSOLUTE
    ../clib/microlib/init/entry.s            0x00000000   Number         0  entry11b.o ABSOLUTE
    ../clib/microlib/init/entry.s            0x00000000   Number         0  entry8b.o ABSOLUTE
    ../clib/microlib/init/entry.s            0x00000000   Number         0  entry11a.o ABSOLUTE
    ../clib/microlib/init/entry.s            0x00000000   Number         0  entry10b.o ABSOLUTE
    ../clib/microlib/init/entry.s            0x00000000   Number         0  entry9a.o ABSOLUTE
    ../clib/microlib/init/entry.s            0x00000000   Number         0  entry10a.o ABSOLUTE
    ../clib/microlib/init/entry.s            0x00000000   Number         0  entry9b.o ABSOLUTE
    ../clib/microlib/init/entry.s            0x00000000   Number         0  entry5.o ABSOLUTE
    ../clib/microlib/init/entry.s            0x00000000   Number         0  entry.o ABSOLUTE
    ../clib/microlib/init/entry.s            0x00000000   Number         0  entry2.o ABSOLUTE
    ../clib/microlib/init/entry.s            0x00000000   Number         0  entry7a.o ABSOLUTE
    ../clib/microlib/string/memset.c         0x00000000   Number         0  memseta.o ABSOLUTE
    ..\STM32Cube_FW_L4_V1.8.0\Drivers\BSP\STM32L476G-Discovery\stm32l476g_discovery.c 0x00000000   Number         0  stm32l476g_discovery.o ABSOLUTE
    ..\STM32Cube_FW_L4_V1.8.0\Drivers\BSP\STM32L476G-Discovery\stm32l476g_discovery_glass_lcd.c 0x00000000   Number         0  stm32l476g_discovery_glass_lcd.o ABSOLUTE
    ..\STM32Cube_FW_L4_V1.8.0\Drivers\STM32L4xx_HAL_Driver\Src\stm32l4xx_hal.c 0x00000000   Number         0  stm32l4xx_hal.o ABSOLUTE
    ..\STM32Cube_FW_L4_V1.8.0\Drivers\STM32L4xx_HAL_Driver\Src\stm32l4xx_hal_cortex.c 0x00000000   Number         0  stm32l4xx_hal_cortex.o ABSOLUTE
    ..\STM32Cube_FW_L4_V1.8.0\Drivers\STM32L4xx_HAL_Driver\Src\stm32l4xx_hal_dma.c 0x00000000   Number         0  stm32l4xx_hal_dma.o ABSOLUTE
    ..\STM32Cube_FW_L4_V1.8.0\Drivers\STM32L4xx_HAL_Driver\Src\stm32l4xx_hal_gpio.c 0x00000000   Number         0  stm32l4xx_hal_gpio.o ABSOLUTE
    ..\STM32Cube_FW_L4_V1.8.0\Drivers\STM32L4xx_HAL_Driver\Src\stm32l4xx_hal_lcd.c 0x00000000   Number         0  stm32l4xx_hal_lcd.o ABSOLUTE
    ..\STM32Cube_FW_L4_V1.8.0\Drivers\STM32L4xx_HAL_Driver\Src\stm32l4xx_hal_pwr.c 0x00000000   Number         0  stm32l4xx_hal_pwr.o ABSOLUTE
    ..\STM32Cube_FW_L4_V1.8.0\Drivers\STM32L4xx_HAL_Driver\Src\stm32l4xx_hal_pwr_ex.c 0x00000000   Number         0  stm32l4xx_hal_pwr_ex.o ABSOLUTE
    ..\STM32Cube_FW_L4_V1.8.0\Drivers\STM32L4xx_HAL_Driver\Src\stm32l4xx_hal_rcc.c 0x00000000   Number         0  stm32l4xx_hal_rcc.o ABSOLUTE
    ..\STM32Cube_FW_L4_V1.8.0\Drivers\STM32L4xx_HAL_Driver\Src\stm32l4xx_hal_rcc_ex.c 0x00000000   Number         0  stm32l4xx_hal_rcc_ex.o ABSOLUTE
    ..\STM32Cube_FW_L4_V1.8.0\Drivers\STM32L4xx_HAL_Driver\Src\stm32l4xx_hal_tim.c 0x00000000   Number         0  stm32l4xx_hal_tim.o ABSOLUTE
    ..\STM32Cube_FW_L4_V1.8.0\Drivers\STM32L4xx_HAL_Driver\Src\stm32l4xx_hal_tim_ex.c 0x00000000   Number         0  stm32l4xx_hal_tim_ex.o ABSOLUTE
    ..\\STM32Cube_FW_L4_V1.8.0\\Drivers\\BSP\\STM32L476G-Discovery\\stm32l476g_discovery.c 0x00000000   Number         0  stm32l476g_discovery.o ABSOLUTE
    ..\\STM32Cube_FW_L4_V1.8.0\\Drivers\\BSP\\STM32L476G-Discovery\\stm32l476g_discovery_glass_lcd.c 0x00000000   Number         0  stm32l476g_discovery_glass_lcd.o ABSOLUTE
    ..\\STM32Cube_FW_L4_V1.8.0\\Drivers\\STM32L4xx_HAL_Driver\\Src\\stm32l4xx_hal.c 0x00000000   Number         0  stm32l4xx_hal.o ABSOLUTE
    ..\\STM32Cube_FW_L4_V1.8.0\\Drivers\\STM32L4xx_HAL_Driver\\Src\\stm32l4xx_hal_cortex.c 0x00000000   Number         0  stm32l4xx_hal_cortex.o ABSOLUTE
    ..\\STM32Cube_FW_L4_V1.8.0\\Drivers\\STM32L4xx_HAL_Driver\\Src\\stm32l4xx_hal_dma.c 0x00000000   Number         0  stm32l4xx_hal_dma.o ABSOLUTE
    ..\\STM32Cube_FW_L4_V1.8.0\\Drivers\\STM32L4xx_HAL_Driver\\Src\\stm32l4xx_hal_gpio.c 0x00000000   Number         0  stm32l4xx_hal_gpio.o ABSOLUTE
    ..\\STM32Cube_FW_L4_V1.8.0\\Drivers\\STM32L4xx_HAL_Driver\\Src\\stm32l4xx_hal_lcd.c 0x00000000   Number         0  stm32l4xx_hal_lcd.o ABSOLUTE
    ..\\STM32Cube_FW_L4_V1.8.0\\Drivers\\STM32L4xx_HAL_Driver\\Src\\stm32l4xx_hal_pwr.c 0x00000000   Number         0  stm32l4xx_hal_pwr.o ABSOLUTE
    ..\\STM32Cube_FW_L4_V1.8.0\\Drivers\\STM32L4xx_HAL_Driver\\Src\\stm32l4xx_hal_pwr_ex.c 0x00000000   Number         0  stm32l4xx_hal_pwr_ex.o ABSOLUTE
    ..\\STM32Cube_FW_L4_V1.8.0\\Drivers\\STM32L4xx_HAL_Driver\\Src\\stm32l4xx_hal_rcc.c 0x00000000   Number         0  stm32l4xx_hal_rcc.o ABSOLUTE
    ..\\STM32Cube_FW_L4_V1.8.0\\Drivers\\STM32L4xx_HAL_Driver\\Src\\stm32l4xx_hal_rcc_ex.c 0x00000000   Number         0  stm32l4xx_hal_rcc_ex.o ABSOLUTE
    ..\\STM32Cube_FW_L4_V1.8.0\\Drivers\\STM32L4xx_HAL_Driver\\Src\\stm32l4xx_hal_tim.c 0x00000000   Number         0  stm32l4xx_hal_tim.o ABSOLUTE
    ..\\STM32Cube_FW_L4_V1.8.0\\Drivers\\STM32L4xx_HAL_Driver\\Src\\stm32l4xx_hal_tim_ex.c 0x00000000   Number         0  stm32l4xx_hal_tim_ex.o ABSOLUTE
    C:\Keil_v5\ARM\PACK\Keil\STM32L4xx_DFP\1.4.0\Boards\ST\STM32L476G-EVAL\Common\Buttons_STM32L476G-EVAL.c 0x00000000   Number         0  buttons_stm32l476g-eval.o ABSOLUTE
    C:\Keil_v5\ARM\PACK\Keil\STM32L4xx_DFP\1.4.0\Boards\ST\STM32L476G-EVAL\Common\LED_STM32L476G-EVAL.c 0x00000000   Number         0  led_stm32l476g-eval.o ABSOLUTE
    C:\\Keil_v5\\ARM\\PACK\\Keil\\STM32L4xx_DFP\\1.4.0\\Boards\\ST\\STM32L476G-EVAL\\Common\\Buttons_STM32L476G-EVAL.c 0x00000000   Number         0  buttons_stm32l476g-eval.o ABSOLUTE
    C:\\Keil_v5\\ARM\\PACK\\Keil\\STM32L4xx_DFP\\1.4.0\\Boards\\ST\\STM32L476G-EVAL\\Common\\LED_STM32L476G-EVAL.c 0x00000000   Number         0  led_stm32l476g-eval.o ABSOLUTE
    RTE\Device\STM32L476VGTx\startup_stm32l476xx.s 0x00000000   Number         0  startup_stm32l476xx.o ABSOLUTE
    RTE\Device\STM32L476VGTx\system_stm32l4xx.c 0x00000000   Number         0  system_stm32l4xx.o ABSOLUTE
    RTE\\Device\\STM32L476VGTx\\system_stm32l4xx.c 0x00000000   Number         0  system_stm32l4xx.o ABSOLUTE
    dc.s                                     0x00000000   Number         0  dc.o ABSOLUTE
    handlers.s                               0x00000000   Number         0  handlers.o ABSOLUTE
    init.s                                   0x00000000   Number         0  init.o ABSOLUTE
    src\\main.c                              0x00000000   Number         0  main.o ABSOLUTE
    src\\stm32l4xx_hal_msp.c                 0x00000000   Number         0  stm32l4xx_hal_msp.o ABSOLUTE
    src\\stm32l4xx_it.c                      0x00000000   Number         0  stm32l4xx_it.o ABSOLUTE
    src\main.c                               0x00000000   Number         0  main.o ABSOLUTE
    src\stm32l4xx_hal_msp.c                  0x00000000   Number         0  stm32l4xx_hal_msp.o ABSOLUTE
    src\stm32l4xx_it.c                       0x00000000   Number         0  stm32l4xx_it.o ABSOLUTE
    RESET                                    0x08000000   Section      392  startup_stm32l476xx.o(RESET)
    .ARM.Collect$$$$00000000                 0x08000188   Section        0  entry.o(.ARM.Collect$$$$00000000)
    .ARM.Collect$$$$00000001                 0x08000188   Section        4  entry2.o(.ARM.Collect$$$$00000001)
    .ARM.Collect$$$$00000004                 0x0800018c   Section        4  entry5.o(.ARM.Collect$$$$00000004)
    .ARM.Collect$$$$00000008                 0x08000190   Section        0  entry7b.o(.ARM.Collect$$$$00000008)
    .ARM.Collect$$$$0000000A                 0x08000190   Section        0  entry8b.o(.ARM.Collect$$$$0000000A)
    .ARM.Collect$$$$0000000B                 0x08000190   Section        8  entry9a.o(.ARM.Collect$$$$0000000B)
    .ARM.Collect$$$$0000000D                 0x08000198   Section        0  entry10a.o(.ARM.Collect$$$$0000000D)
    .ARM.Collect$$$$0000000F                 0x08000198   Section        0  entry11a.o(.ARM.Collect$$$$0000000F)
    .ARM.Collect$$$$00002712                 0x08000198   Section        4  entry2.o(.ARM.Collect$$$$00002712)
    __lit__00000000                          0x08000198   Data           4  entry2.o(.ARM.Collect$$$$00002712)
    .text                                    0x0800019c   Section       36  startup_stm32l476xx.o(.text)
    $v0                                      0x0800019c   Number         0  startup_stm32l476xx.o(.text)
    .text                                    0x080001c0   Section        0  memseta.o(.text)
    .text                                    0x080001e4   Section       36  init.o(.text)
    i.BSP_JOY_Init                           0x08000208   Section        0  stm32l476g_discovery.o(i.BSP_JOY_Init)
    i.BSP_LCD_GLASS_Clear                    0x080002c0   Section        0  stm32l476g_discovery_glass_lcd.o(i.BSP_LCD_GLASS_Clear)
    i.BSP_LCD_GLASS_DisplayString            0x080002cc   Section        0  stm32l476g_discovery_glass_lcd.o(i.BSP_LCD_GLASS_DisplayString)
    i.BSP_LCD_GLASS_Init                     0x080002fc   Section        0  stm32l476g_discovery_glass_lcd.o(i.BSP_LCD_GLASS_Init)
    i.BSP_LCD_GLASS_ScrollSentence           0x08000348   Section        0  stm32l476g_discovery_glass_lcd.o(i.BSP_LCD_GLASS_ScrollSentence)
    i.BSP_LED_Init                           0x08000428   Section        0  stm32l476g_discovery.o(i.BSP_LED_Init)
    i.BSP_LED_Toggle                         0x08000498   Section        0  stm32l476g_discovery.o(i.BSP_LED_Toggle)
    i.BusFault_Handler                       0x080004b0   Section        0  stm32l4xx_it.o(i.BusFault_Handler)
    i.Convert                                0x080004b4   Section        0  stm32l476g_discovery_glass_lcd.o(i.Convert)
    Convert                                  0x080004b5   Thumb Code   254  stm32l476g_discovery_glass_lcd.o(i.Convert)
    i.DebugMon_Handler                       0x080005bc   Section        0  stm32l4xx_it.o(i.DebugMon_Handler)
    i.EXTI0_IRQHandler                       0x080005be   Section        0  stm32l4xx_it.o(i.EXTI0_IRQHandler)
    i.EXTI1_IRQHandler                       0x080005c4   Section        0  stm32l4xx_it.o(i.EXTI1_IRQHandler)
    i.EXTI2_IRQHandler                       0x080005ca   Section        0  stm32l4xx_it.o(i.EXTI2_IRQHandler)
    i.EXTI3_IRQHandler                       0x080005d0   Section        0  stm32l4xx_it.o(i.EXTI3_IRQHandler)
    i.EXTI9_5_IRQHandler                     0x080005d6   Section        0  stm32l4xx_it.o(i.EXTI9_5_IRQHandler)
    i.HAL_Delay                              0x080005dc   Section        0  stm32l4xx_hal.o(i.HAL_Delay)
    i.HAL_GPIO_EXTI_Callback                 0x080005f8   Section        0  main.o(i.HAL_GPIO_EXTI_Callback)
    i.HAL_GPIO_EXTI_IRQHandler               0x08000628   Section        0  stm32l4xx_hal_gpio.o(i.HAL_GPIO_EXTI_IRQHandler)
    i.HAL_GPIO_Init                          0x08000640   Section        0  stm32l4xx_hal_gpio.o(i.HAL_GPIO_Init)
    i.HAL_GPIO_TogglePin                     0x0800080a   Section        0  stm32l4xx_hal_gpio.o(i.HAL_GPIO_TogglePin)
    i.HAL_GPIO_WritePin                      0x08000812   Section        0  stm32l4xx_hal_gpio.o(i.HAL_GPIO_WritePin)
    i.HAL_GetTick                            0x0800081c   Section        0  stm32l4xx_hal.o(i.HAL_GetTick)
    i.HAL_IncTick                            0x08000828   Section        0  stm32l4xx_hal.o(i.HAL_IncTick)
    i.HAL_Init                               0x08000838   Section        0  stm32l4xx_hal.o(i.HAL_Init)
    i.HAL_InitTick                           0x08000850   Section        0  stm32l4xx_hal.o(i.HAL_InitTick)
    i.HAL_LCD_Clear                          0x08000878   Section        0  stm32l4xx_hal_lcd.o(i.HAL_LCD_Clear)
    i.HAL_LCD_Init                           0x080008f8   Section        0  stm32l4xx_hal_lcd.o(i.HAL_LCD_Init)
    i.HAL_LCD_MspInit                        0x080009f4   Section        0  stm32l4xx_hal_lcd.o(i.HAL_LCD_MspInit)
    i.HAL_LCD_UpdateDisplayRequest           0x080009f6   Section        0  stm32l4xx_hal_lcd.o(i.HAL_LCD_UpdateDisplayRequest)
    i.HAL_LCD_Write                          0x08000a4c   Section        0  stm32l4xx_hal_lcd.o(i.HAL_LCD_Write)
    i.HAL_MspInit                            0x08000ad4   Section        0  stm32l4xx_hal_msp.o(i.HAL_MspInit)
    i.HAL_NVIC_EnableIRQ                     0x08000ad6   Section        0  stm32l4xx_hal_cortex.o(i.HAL_NVIC_EnableIRQ)
    i.HAL_NVIC_SetPriority                   0x08000aec   Section        0  stm32l4xx_hal_cortex.o(i.HAL_NVIC_SetPriority)
    i.HAL_NVIC_SetPriorityGrouping           0x08000b2c   Section        0  stm32l4xx_hal_cortex.o(i.HAL_NVIC_SetPriorityGrouping)
    i.HAL_PWREx_ControlVoltageScaling        0x08000b50   Section        0  stm32l4xx_hal_pwr_ex.o(i.HAL_PWREx_ControlVoltageScaling)
    i.HAL_PWREx_GetVoltageRange              0x08000bb4   Section        0  stm32l4xx_hal_pwr_ex.o(i.HAL_PWREx_GetVoltageRange)
    i.HAL_RCCEx_PeriphCLKConfig              0x08000bc4   Section        0  stm32l4xx_hal_rcc_ex.o(i.HAL_RCCEx_PeriphCLKConfig)
    i.HAL_RCC_ClockConfig                    0x08000f74   Section        0  stm32l4xx_hal_rcc.o(i.HAL_RCC_ClockConfig)
    i.HAL_RCC_GetSysClockFreq                0x080010f4   Section        0  stm32l4xx_hal_rcc.o(i.HAL_RCC_GetSysClockFreq)
    i.HAL_RCC_OscConfig                      0x080011f0   Section        0  stm32l4xx_hal_rcc.o(i.HAL_RCC_OscConfig)
    i.HAL_SYSTICK_Config                     0x08001670   Section        0  stm32l4xx_hal_cortex.o(i.HAL_SYSTICK_Config)
    i.HAL_TIMEx_BreakCallback                0x08001698   Section        0  stm32l4xx_hal_tim_ex.o(i.HAL_TIMEx_BreakCallback)
    i.HAL_TIMEx_CommutationCallback          0x0800169a   Section        0  stm32l4xx_hal_tim_ex.o(i.HAL_TIMEx_CommutationCallback)
    i.HAL_TIM_Base_Init                      0x0800169c   Section        0  stm32l4xx_hal_tim.o(i.HAL_TIM_Base_Init)
    i.HAL_TIM_Base_MspInit                   0x080016d4   Section        0  stm32l4xx_hal_msp.o(i.HAL_TIM_Base_MspInit)
    i.HAL_TIM_Base_Start_IT                  0x08001700   Section        0  stm32l4xx_hal_tim.o(i.HAL_TIM_Base_Start_IT)
    i.HAL_TIM_IC_CaptureCallback             0x08001718   Section        0  stm32l4xx_hal_tim.o(i.HAL_TIM_IC_CaptureCallback)
    i.HAL_TIM_IRQHandler                     0x0800171a   Section        0  stm32l4xx_hal_tim.o(i.HAL_TIM_IRQHandler)
    i.HAL_TIM_OC_ConfigChannel               0x08001880   Section        0  stm32l4xx_hal_tim.o(i.HAL_TIM_OC_ConfigChannel)
    i.HAL_TIM_OC_DelayElapsedCallback        0x080018f4   Section        0  main.o(i.HAL_TIM_OC_DelayElapsedCallback)
    i.HAL_TIM_OC_Init                        0x08001950   Section        0  stm32l4xx_hal_tim.o(i.HAL_TIM_OC_Init)
    i.HAL_TIM_OC_MspInit                     0x08001988   Section        0  stm32l4xx_hal_msp.o(i.HAL_TIM_OC_MspInit)
    i.HAL_TIM_OC_Start_IT                    0x080019b4   Section        0  stm32l4xx_hal_tim.o(i.HAL_TIM_OC_Start_IT)
    i.HAL_TIM_PWM_PulseFinishedCallback      0x08001a3c   Section        0  stm32l4xx_hal_tim.o(i.HAL_TIM_PWM_PulseFinishedCallback)
    i.HAL_TIM_PeriodElapsedCallback          0x08001a3e   Section        0  main.o(i.HAL_TIM_PeriodElapsedCallback)
    i.HAL_TIM_TriggerCallback                0x08001a40   Section        0  stm32l4xx_hal_tim.o(i.HAL_TIM_TriggerCallback)
    i.HardFault_Handler                      0x08001a42   Section        0  stm32l4xx_it.o(i.HardFault_Handler)
    i.LCD_MspInit                            0x08001a44   Section        0  stm32l476g_discovery_glass_lcd.o(i.LCD_MspInit)
    LCD_MspInit                              0x08001a45   Thumb Code   246  stm32l476g_discovery_glass_lcd.o(i.LCD_MspInit)
    i.LCD_WaitForSynchro                     0x08001b4c   Section        0  stm32l4xx_hal_lcd.o(i.LCD_WaitForSynchro)
    i.MemManage_Handler                      0x08001b7c   Section        0  stm32l4xx_it.o(i.MemManage_Handler)
    i.NMI_Handler                            0x08001b7e   Section        0  stm32l4xx_it.o(i.NMI_Handler)
    i.NVIC_SetPriority                       0x08001b80   Section        0  stm32l4xx_hal_cortex.o(i.NVIC_SetPriority)
    NVIC_SetPriority                         0x08001b81   Thumb Code    32  stm32l4xx_hal_cortex.o(i.NVIC_SetPriority)
    i.PendSV_Handler                         0x08001ba0   Section        0  stm32l4xx_it.o(i.PendSV_Handler)
    i.RCCEx_PLLSAI1_Config                   0x08001ba4   Section        0  stm32l4xx_hal_rcc_ex.o(i.RCCEx_PLLSAI1_Config)
    RCCEx_PLLSAI1_Config                     0x08001ba5   Thumb Code   342  stm32l4xx_hal_rcc_ex.o(i.RCCEx_PLLSAI1_Config)
    i.RCCEx_PLLSAI2_Config                   0x08001d0c   Section        0  stm32l4xx_hal_rcc_ex.o(i.RCCEx_PLLSAI2_Config)
    RCCEx_PLLSAI2_Config                     0x08001d0d   Thumb Code   302  stm32l4xx_hal_rcc_ex.o(i.RCCEx_PLLSAI2_Config)
    i.RCC_SetFlashLatencyFromMSIRange        0x08001e48   Section        0  stm32l4xx_hal_rcc.o(i.RCC_SetFlashLatencyFromMSIRange)
    RCC_SetFlashLatencyFromMSIRange          0x08001e49   Thumb Code   116  stm32l4xx_hal_rcc.o(i.RCC_SetFlashLatencyFromMSIRange)
    i.SVC_Handler                            0x08001ec4   Section        0  stm32l4xx_it.o(i.SVC_Handler)
    i.SysTick_Handler                        0x08001ec6   Section        0  stm32l4xx_it.o(i.SysTick_Handler)
    i.SystemClock_Config                     0x08001ecc   Section        0  main.o(i.SystemClock_Config)
    i.SystemInit                             0x08001f40   Section        0  system_stm32l4xx.o(i.SystemInit)
    i.TIM3_Config                            0x08001f84   Section        0  main.o(i.TIM3_Config)
    i.TIM3_IRQHandler                        0x08001fd4   Section        0  stm32l4xx_it.o(i.TIM3_IRQHandler)
    i.TIM4_Config                            0x08001fe0   Section        0  main.o(i.TIM4_Config)
    i.TIM4_IRQHandler                        0x0800201c   Section        0  stm32l4xx_it.o(i.TIM4_IRQHandler)
    i.TIM4_OC_Config                         0x08002028   Section        0  main.o(i.TIM4_OC_Config)
    i.TIM_Base_SetConfig                     0x08002060   Section        0  stm32l4xx_hal_tim.o(i.TIM_Base_SetConfig)
    i.TIM_CCxChannelCmd                      0x08002118   Section        0  stm32l4xx_hal_tim.o(i.TIM_CCxChannelCmd)
    i.TIM_OC1_SetConfig                      0x08002130   Section        0  stm32l4xx_hal_tim.o(i.TIM_OC1_SetConfig)
    TIM_OC1_SetConfig                        0x08002131   Thumb Code   132  stm32l4xx_hal_tim.o(i.TIM_OC1_SetConfig)
    i.TIM_OC2_SetConfig                      0x080021cc   Section        0  stm32l4xx_hal_tim.o(i.TIM_OC2_SetConfig)
    i.TIM_OC3_SetConfig                      0x0800225c   Section        0  stm32l4xx_hal_tim.o(i.TIM_OC3_SetConfig)
    TIM_OC3_SetConfig                        0x0800225d   Thumb Code   118  stm32l4xx_hal_tim.o(i.TIM_OC3_SetConfig)
    i.TIM_OC4_SetConfig                      0x080022ec   Section        0  stm32l4xx_hal_tim.o(i.TIM_OC4_SetConfig)
    TIM_OC4_SetConfig                        0x080022ed   Thumb Code    92  stm32l4xx_hal_tim.o(i.TIM_OC4_SetConfig)
    i.TIM_OC5_SetConfig                      0x08002360   Section        0  stm32l4xx_hal_tim.o(i.TIM_OC5_SetConfig)
    TIM_OC5_SetConfig                        0x08002361   Thumb Code    86  stm32l4xx_hal_tim.o(i.TIM_OC5_SetConfig)
    i.TIM_OC6_SetConfig                      0x080023d0   Section        0  stm32l4xx_hal_tim.o(i.TIM_OC6_SetConfig)
    TIM_OC6_SetConfig                        0x080023d1   Thumb Code    88  stm32l4xx_hal_tim.o(i.TIM_OC6_SetConfig)
    i.UsageFault_Handler                     0x08002440   Section        0  stm32l4xx_it.o(i.UsageFault_Handler)
    i.WriteChar                              0x08002444   Section        0  stm32l476g_discovery_glass_lcd.o(i.WriteChar)
    WriteChar                                0x08002445   Thumb Code  1114  stm32l476g_discovery_glass_lcd.o(i.WriteChar)
    i.__scatterload_copy                     0x080028a4   Section       14  handlers.o(i.__scatterload_copy)
    i.__scatterload_null                     0x080028b2   Section        2  handlers.o(i.__scatterload_null)
    i.__scatterload_zeroinit                 0x080028b4   Section       14  handlers.o(i.__scatterload_zeroinit)
    i.main                                   0x080028c4   Section        0  main.o(i.main)
    .constdata                               0x08002928   Section       20  stm32l476g_discovery.o(.constdata)
    .constdata                               0x0800293c   Section       72  stm32l476g_discovery_glass_lcd.o(.constdata)
    .constdata                               0x08002984   Section       64  system_stm32l4xx.o(.constdata)
    .data                                    0x20000000   Section       20  main.o(.data)
    .data                                    0x20000014   Section       28  stm32l476g_discovery.o(.data)
    .data                                    0x20000030   Section        2  stm32l476g_discovery_glass_lcd.o(.data)
    .data                                    0x20000034   Section        4  stm32l4xx_hal.o(.data)
    .data                                    0x20000038   Section        4  system_stm32l4xx.o(.data)
    .bss                                     0x2000003c   Section      148  main.o(.bss)
    .bss                                     0x200000d0   Section       76  stm32l476g_discovery_glass_lcd.o(.bss)
    STACK                                    0x20000120   Section     1024  startup_stm32l476xx.o(STACK)

    Global Symbols

    Symbol Name                              Value     Ov Type        Size  Object(Section)

    BuildAttributes$$THM_ISAv4$E$P$D$K$B$S$7EM$VFPi3$EXTD16$VFPS$VFMA$PE$A:L22UL41UL21$X:L11$S22US41US21$IEEE1$IW$USESV6$~STKCKD$USESV7$~SHL$OSPACE$EBA8$MICROLIB$REQ8$PRES8$EABIv2 0x00000000   Number         0  anon$$obj.o ABSOLUTE
    __ARM_use_no_argv                        0x00000000   Number         0  main.o ABSOLUTE
    __cpp_initialize__aeabi_                  - Undefined Weak Reference
    __cxa_finalize                            - Undefined Weak Reference
    __decompress                              - Undefined Weak Reference
    _clock_init                               - Undefined Weak Reference
    _microlib_exit                            - Undefined Weak Reference
    __Vectors_Size                           0x00000188   Number         0  startup_stm32l476xx.o ABSOLUTE
    __Vectors                                0x08000000   Data           4  startup_stm32l476xx.o(RESET)
    __Vectors_End                            0x08000188   Data           0  startup_stm32l476xx.o(RESET)
    __main                                   0x08000189   Thumb Code     0  entry.o(.ARM.Collect$$$$00000000)
    _main_stk                                0x08000189   Thumb Code     0  entry2.o(.ARM.Collect$$$$00000001)
    _main_scatterload                        0x0800018d   Thumb Code     0  entry5.o(.ARM.Collect$$$$00000004)
    __main_after_scatterload                 0x08000191   Thumb Code     0  entry5.o(.ARM.Collect$$$$00000004)
    _main_clock                              0x08000191   Thumb Code     0  entry7b.o(.ARM.Collect$$$$00000008)
    _main_cpp_init                           0x08000191   Thumb Code     0  entry8b.o(.ARM.Collect$$$$0000000A)
    _main_init                               0x08000191   Thumb Code     0  entry9a.o(.ARM.Collect$$$$0000000B)
    __rt_final_cpp                           0x08000199   Thumb Code     0  entry10a.o(.ARM.Collect$$$$0000000D)
    __rt_final_exit                          0x08000199   Thumb Code     0  entry11a.o(.ARM.Collect$$$$0000000F)
    Reset_Handler                            0x0800019d   Thumb Code     8  startup_stm32l476xx.o(.text)
    ADC1_2_IRQHandler                        0x080001b7   Thumb Code     0  startup_stm32l476xx.o(.text)
    ADC3_IRQHandler                          0x080001b7   Thumb Code     0  startup_stm32l476xx.o(.text)
    CAN1_RX0_IRQHandler                      0x080001b7   Thumb Code     0  startup_stm32l476xx.o(.text)
    CAN1_RX1_IRQHandler                      0x080001b7   Thumb Code     0  startup_stm32l476xx.o(.text)
    CAN1_SCE_IRQHandler                      0x080001b7   Thumb Code     0  startup_stm32l476xx.o(.text)
    CAN1_TX_IRQHandler                       0x080001b7   Thumb Code     0  startup_stm32l476xx.o(.text)
    COMP_IRQHandler                          0x080001b7   Thumb Code     0  startup_stm32l476xx.o(.text)
    DFSDM1_FLT0_IRQHandler                   0x080001b7   Thumb Code     0  startup_stm32l476xx.o(.text)
    DFSDM1_FLT1_IRQHandler                   0x080001b7   Thumb Code     0  startup_stm32l476xx.o(.text)
    DFSDM1_FLT2_IRQHandler                   0x080001b7   Thumb Code     0  startup_stm32l476xx.o(.text)
    DFSDM1_FLT3_IRQHandler                   0x080001b7   Thumb Code     0  startup_stm32l476xx.o(.text)
    DMA1_Channel1_IRQHandler                 0x080001b7   Thumb Code     0  startup_stm32l476xx.o(.text)
    DMA1_Channel2_IRQHandler                 0x080001b7   Thumb Code     0  startup_stm32l476xx.o(.text)
    DMA1_Channel3_IRQHandler                 0x080001b7   Thumb Code     0  startup_stm32l476xx.o(.text)
    DMA1_Channel4_IRQHandler                 0x080001b7   Thumb Code     0  startup_stm32l476xx.o(.text)
    DMA1_Channel5_IRQHandler                 0x080001b7   Thumb Code     0  startup_stm32l476xx.o(.text)
    DMA1_Channel6_IRQHandler                 0x080001b7   Thumb Code     0  startup_stm32l476xx.o(.text)
    DMA1_Channel7_IRQHandler                 0x080001b7   Thumb Code     0  startup_stm32l476xx.o(.text)
    DMA2_Channel1_IRQHandler                 0x080001b7   Thumb Code     0  startup_stm32l476xx.o(.text)
    DMA2_Channel2_IRQHandler                 0x080001b7   Thumb Code     0  startup_stm32l476xx.o(.text)
    DMA2_Channel3_IRQHandler                 0x080001b7   Thumb Code     0  startup_stm32l476xx.o(.text)
    DMA2_Channel4_IRQHandler                 0x080001b7   Thumb Code     0  startup_stm32l476xx.o(.text)
    DMA2_Channel5_IRQHandler                 0x080001b7   Thumb Code     0  startup_stm32l476xx.o(.text)
    DMA2_Channel6_IRQHandler                 0x080001b7   Thumb Code     0  startup_stm32l476xx.o(.text)
    DMA2_Channel7_IRQHandler                 0x080001b7   Thumb Code     0  startup_stm32l476xx.o(.text)
    EXTI15_10_IRQHandler                     0x080001b7   Thumb Code     0  startup_stm32l476xx.o(.text)
    EXTI4_IRQHandler                         0x080001b7   Thumb Code     0  startup_stm32l476xx.o(.text)
    FLASH_IRQHandler                         0x080001b7   Thumb Code     0  startup_stm32l476xx.o(.text)
    FMC_IRQHandler                           0x080001b7   Thumb Code     0  startup_stm32l476xx.o(.text)
    FPU_IRQHandler                           0x080001b7   Thumb Code     0  startup_stm32l476xx.o(.text)
    I2C1_ER_IRQHandler                       0x080001b7   Thumb Code     0  startup_stm32l476xx.o(.text)
    I2C1_EV_IRQHandler                       0x080001b7   Thumb Code     0  startup_stm32l476xx.o(.text)
    I2C2_ER_IRQHandler                       0x080001b7   Thumb Code     0  startup_stm32l476xx.o(.text)
    I2C2_EV_IRQHandler                       0x080001b7   Thumb Code     0  startup_stm32l476xx.o(.text)
    I2C3_ER_IRQHandler                       0x080001b7   Thumb Code     0  startup_stm32l476xx.o(.text)
    I2C3_EV_IRQHandler                       0x080001b7   Thumb Code     0  startup_stm32l476xx.o(.text)
    LCD_IRQHandler                           0x080001b7   Thumb Code     0  startup_stm32l476xx.o(.text)
    LPTIM1_IRQHandler                        0x080001b7   Thumb Code     0  startup_stm32l476xx.o(.text)
    LPTIM2_IRQHandler                        0x080001b7   Thumb Code     0  startup_stm32l476xx.o(.text)
    LPUART1_IRQHandler                       0x080001b7   Thumb Code     0  startup_stm32l476xx.o(.text)
    OTG_FS_IRQHandler                        0x080001b7   Thumb Code     0  startup_stm32l476xx.o(.text)
    PVD_PVM_IRQHandler                       0x080001b7   Thumb Code     0  startup_stm32l476xx.o(.text)
    QUADSPI_IRQHandler                       0x080001b7   Thumb Code     0  startup_stm32l476xx.o(.text)
    RCC_IRQHandler                           0x080001b7   Thumb Code     0  startup_stm32l476xx.o(.text)
    RNG_IRQHandler                           0x080001b7   Thumb Code     0  startup_stm32l476xx.o(.text)
    RTC_Alarm_IRQHandler                     0x080001b7   Thumb Code     0  startup_stm32l476xx.o(.text)
    RTC_WKUP_IRQHandler                      0x080001b7   Thumb Code     0  startup_stm32l476xx.o(.text)
    SAI1_IRQHandler                          0x080001b7   Thumb Code     0  startup_stm32l476xx.o(.text)
    SAI2_IRQHandler                          0x080001b7   Thumb Code     0  startup_stm32l476xx.o(.text)
    SDMMC1_IRQHandler                        0x080001b7   Thumb Code     0  startup_stm32l476xx.o(.text)
    SPI1_IRQHandler                          0x080001b7   Thumb Code     0  startup_stm32l476xx.o(.text)
    SPI2_IRQHandler                          0x080001b7   Thumb Code     0  startup_stm32l476xx.o(.text)
    SPI3_IRQHandler                          0x080001b7   Thumb Code     0  startup_stm32l476xx.o(.text)
    SWPMI1_IRQHandler                        0x080001b7   Thumb Code     0  startup_stm32l476xx.o(.text)
    TAMP_STAMP_IRQHandler                    0x080001b7   Thumb Code     0  startup_stm32l476xx.o(.text)
    TIM1_BRK_TIM15_IRQHandler                0x080001b7   Thumb Code     0  startup_stm32l476xx.o(.text)
    TIM1_CC_IRQHandler                       0x080001b7   Thumb Code     0  startup_stm32l476xx.o(.text)
    TIM1_TRG_COM_TIM17_IRQHandler            0x080001b7   Thumb Code     0  startup_stm32l476xx.o(.text)
    TIM1_UP_TIM16_IRQHandler                 0x080001b7   Thumb Code     0  startup_stm32l476xx.o(.text)
    TIM2_IRQHandler                          0x080001b7   Thumb Code     0  startup_stm32l476xx.o(.text)
    TIM5_IRQHandler                          0x080001b7   Thumb Code     0  startup_stm32l476xx.o(.text)
    TIM6_DAC_IRQHandler                      0x080001b7   Thumb Code     0  startup_stm32l476xx.o(.text)
    TIM7_IRQHandler                          0x080001b7   Thumb Code     0  startup_stm32l476xx.o(.text)
    TIM8_BRK_IRQHandler                      0x080001b7   Thumb Code     0  startup_stm32l476xx.o(.text)
    TIM8_CC_IRQHandler                       0x080001b7   Thumb Code     0  startup_stm32l476xx.o(.text)
    TIM8_TRG_COM_IRQHandler                  0x080001b7   Thumb Code     0  startup_stm32l476xx.o(.text)
    TIM8_UP_IRQHandler                       0x080001b7   Thumb Code     0  startup_stm32l476xx.o(.text)
    TSC_IRQHandler                           0x080001b7   Thumb Code     0  startup_stm32l476xx.o(.text)
    UART4_IRQHandler                         0x080001b7   Thumb Code     0  startup_stm32l476xx.o(.text)
    UART5_IRQHandler                         0x080001b7   Thumb Code     0  startup_stm32l476xx.o(.text)
    USART1_IRQHandler                        0x080001b7   Thumb Code     0  startup_stm32l476xx.o(.text)
    USART2_IRQHandler                        0x080001b7   Thumb Code     0  startup_stm32l476xx.o(.text)
    USART3_IRQHandler                        0x080001b7   Thumb Code     0  startup_stm32l476xx.o(.text)
    WWDG_IRQHandler                          0x080001b7   Thumb Code     0  startup_stm32l476xx.o(.text)
    __aeabi_memset                           0x080001c1   Thumb Code    14  memseta.o(.text)
    __aeabi_memset4                          0x080001c1   Thumb Code     0  memseta.o(.text)
    __aeabi_memset8                          0x080001c1   Thumb Code     0  memseta.o(.text)
    __aeabi_memclr                           0x080001cf   Thumb Code     4  memseta.o(.text)
    __aeabi_memclr4                          0x080001cf   Thumb Code     0  memseta.o(.text)
    __aeabi_memclr8                          0x080001cf   Thumb Code     0  memseta.o(.text)
    _memset$wrapper                          0x080001d3   Thumb Code    18  memseta.o(.text)
    __scatterload                            0x080001e5   Thumb Code    28  init.o(.text)
    __scatterload_rt2                        0x080001e5   Thumb Code     0  init.o(.text)
    BSP_JOY_Init                             0x08000209   Thumb Code   158  stm32l476g_discovery.o(i.BSP_JOY_Init)
    BSP_LCD_GLASS_Clear                      0x080002c1   Thumb Code     6  stm32l476g_discovery_glass_lcd.o(i.BSP_LCD_GLASS_Clear)
    BSP_LCD_GLASS_DisplayString              0x080002cd   Thumb Code    44  stm32l476g_discovery_glass_lcd.o(i.BSP_LCD_GLASS_DisplayString)
    BSP_LCD_GLASS_Init                       0x080002fd   Thumb Code    68  stm32l476g_discovery_glass_lcd.o(i.BSP_LCD_GLASS_Init)
    BSP_LCD_GLASS_ScrollSentence             0x08000349   Thumb Code   208  stm32l476g_discovery_glass_lcd.o(i.BSP_LCD_GLASS_ScrollSentence)
    BSP_LED_Init                             0x08000429   Thumb Code    98  stm32l476g_discovery.o(i.BSP_LED_Init)
    BSP_LED_Toggle                           0x08000499   Thumb Code    16  stm32l476g_discovery.o(i.BSP_LED_Toggle)
    BusFault_Handler                         0x080004b1   Thumb Code     2  stm32l4xx_it.o(i.BusFault_Handler)
    DebugMon_Handler                         0x080005bd   Thumb Code     2  stm32l4xx_it.o(i.DebugMon_Handler)
    EXTI0_IRQHandler                         0x080005bf   Thumb Code     6  stm32l4xx_it.o(i.EXTI0_IRQHandler)
    EXTI1_IRQHandler                         0x080005c5   Thumb Code     6  stm32l4xx_it.o(i.EXTI1_IRQHandler)
    EXTI2_IRQHandler                         0x080005cb   Thumb Code     6  stm32l4xx_it.o(i.EXTI2_IRQHandler)
    EXTI3_IRQHandler                         0x080005d1   Thumb Code     6  stm32l4xx_it.o(i.EXTI3_IRQHandler)
    EXTI9_5_IRQHandler                       0x080005d7   Thumb Code     6  stm32l4xx_it.o(i.EXTI9_5_IRQHandler)
    HAL_Delay                                0x080005dd   Thumb Code    28  stm32l4xx_hal.o(i.HAL_Delay)
    HAL_GPIO_EXTI_Callback                   0x080005f9   Thumb Code    40  main.o(i.HAL_GPIO_EXTI_Callback)
    HAL_GPIO_EXTI_IRQHandler                 0x08000629   Thumb Code    18  stm32l4xx_hal_gpio.o(i.HAL_GPIO_EXTI_IRQHandler)
    HAL_GPIO_Init                            0x08000641   Thumb Code   414  stm32l4xx_hal_gpio.o(i.HAL_GPIO_Init)
    HAL_GPIO_TogglePin                       0x0800080b   Thumb Code     8  stm32l4xx_hal_gpio.o(i.HAL_GPIO_TogglePin)
    HAL_GPIO_WritePin                        0x08000813   Thumb Code    10  stm32l4xx_hal_gpio.o(i.HAL_GPIO_WritePin)
    HAL_GetTick                              0x0800081d   Thumb Code     6  stm32l4xx_hal.o(i.HAL_GetTick)
    HAL_IncTick                              0x08000829   Thumb Code    10  stm32l4xx_hal.o(i.HAL_IncTick)
    HAL_Init                                 0x08000839   Thumb Code    22  stm32l4xx_hal.o(i.HAL_Init)
    HAL_InitTick                             0x08000851   Thumb Code    34  stm32l4xx_hal.o(i.HAL_InitTick)
    HAL_LCD_Clear                            0x08000879   Thumb Code   128  stm32l4xx_hal_lcd.o(i.HAL_LCD_Clear)
    HAL_LCD_Init                             0x080008f9   Thumb Code   248  stm32l4xx_hal_lcd.o(i.HAL_LCD_Init)
    HAL_LCD_MspInit                          0x080009f5   Thumb Code     2  stm32l4xx_hal_lcd.o(i.HAL_LCD_MspInit)
    HAL_LCD_UpdateDisplayRequest             0x080009f7   Thumb Code    84  stm32l4xx_hal_lcd.o(i.HAL_LCD_UpdateDisplayRequest)
    HAL_LCD_Write                            0x08000a4d   Thumb Code   136  stm32l4xx_hal_lcd.o(i.HAL_LCD_Write)
    HAL_MspInit                              0x08000ad5   Thumb Code     2  stm32l4xx_hal_msp.o(i.HAL_MspInit)
    HAL_NVIC_EnableIRQ                       0x08000ad7   Thumb Code    22  stm32l4xx_hal_cortex.o(i.HAL_NVIC_EnableIRQ)
    HAL_NVIC_SetPriority                     0x08000aed   Thumb Code    60  stm32l4xx_hal_cortex.o(i.HAL_NVIC_SetPriority)
    HAL_NVIC_SetPriorityGrouping             0x08000b2d   Thumb Code    26  stm32l4xx_hal_cortex.o(i.HAL_NVIC_SetPriorityGrouping)
    HAL_PWREx_ControlVoltageScaling          0x08000b51   Thumb Code    86  stm32l4xx_hal_pwr_ex.o(i.HAL_PWREx_ControlVoltageScaling)
    HAL_PWREx_GetVoltageRange                0x08000bb5   Thumb Code    10  stm32l4xx_hal_pwr_ex.o(i.HAL_PWREx_GetVoltageRange)
    HAL_RCCEx_PeriphCLKConfig                0x08000bc5   Thumb Code   928  stm32l4xx_hal_rcc_ex.o(i.HAL_RCCEx_PeriphCLKConfig)
    HAL_RCC_ClockConfig                      0x08000f75   Thumb Code   368  stm32l4xx_hal_rcc.o(i.HAL_RCC_ClockConfig)
    HAL_RCC_GetSysClockFreq                  0x080010f5   Thumb Code   238  stm32l4xx_hal_rcc.o(i.HAL_RCC_GetSysClockFreq)
    HAL_RCC_OscConfig                        0x080011f1   Thumb Code  1152  stm32l4xx_hal_rcc.o(i.HAL_RCC_OscConfig)
    HAL_SYSTICK_Config                       0x08001671   Thumb Code    40  stm32l4xx_hal_cortex.o(i.HAL_SYSTICK_Config)
    HAL_TIMEx_BreakCallback                  0x08001699   Thumb Code     2  stm32l4xx_hal_tim_ex.o(i.HAL_TIMEx_BreakCallback)
    HAL_TIMEx_CommutationCallback            0x0800169b   Thumb Code     2  stm32l4xx_hal_tim_ex.o(i.HAL_TIMEx_CommutationCallback)
    HAL_TIM_Base_Init                        0x0800169d   Thumb Code    54  stm32l4xx_hal_tim.o(i.HAL_TIM_Base_Init)
    HAL_TIM_Base_MspInit                     0x080016d5   Thumb Code    40  stm32l4xx_hal_msp.o(i.HAL_TIM_Base_MspInit)
    HAL_TIM_Base_Start_IT                    0x08001701   Thumb Code    24  stm32l4xx_hal_tim.o(i.HAL_TIM_Base_Start_IT)
    HAL_TIM_IC_CaptureCallback               0x08001719   Thumb Code     2  stm32l4xx_hal_tim.o(i.HAL_TIM_IC_CaptureCallback)
    HAL_TIM_IRQHandler                       0x0800171b   Thumb Code   358  stm32l4xx_hal_tim.o(i.HAL_TIM_IRQHandler)
    HAL_TIM_OC_ConfigChannel                 0x08001881   Thumb Code   114  stm32l4xx_hal_tim.o(i.HAL_TIM_OC_ConfigChannel)
    HAL_TIM_OC_DelayElapsedCallback          0x080018f5   Thumb Code    86  main.o(i.HAL_TIM_OC_DelayElapsedCallback)
    HAL_TIM_OC_Init                          0x08001951   Thumb Code    54  stm32l4xx_hal_tim.o(i.HAL_TIM_OC_Init)
    HAL_TIM_OC_MspInit                       0x08001989   Thumb Code    40  stm32l4xx_hal_msp.o(i.HAL_TIM_OC_MspInit)
    HAL_TIM_OC_Start_IT                      0x080019b5   Thumb Code   116  stm32l4xx_hal_tim.o(i.HAL_TIM_OC_Start_IT)
    HAL_TIM_PWM_PulseFinishedCallback        0x08001a3d   Thumb Code     2  stm32l4xx_hal_tim.o(i.HAL_TIM_PWM_PulseFinishedCallback)
    HAL_TIM_PeriodElapsedCallback            0x08001a3f   Thumb Code     2  main.o(i.HAL_TIM_PeriodElapsedCallback)
    HAL_TIM_TriggerCallback                  0x08001a41   Thumb Code     2  stm32l4xx_hal_tim.o(i.HAL_TIM_TriggerCallback)
    HardFault_Handler                        0x08001a43   Thumb Code     2  stm32l4xx_it.o(i.HardFault_Handler)
    LCD_WaitForSynchro                       0x08001b4d   Thumb Code    48  stm32l4xx_hal_lcd.o(i.LCD_WaitForSynchro)
    MemManage_Handler                        0x08001b7d   Thumb Code     2  stm32l4xx_it.o(i.MemManage_Handler)
    NMI_Handler                              0x08001b7f   Thumb Code     2  stm32l4xx_it.o(i.NMI_Handler)
    PendSV_Handler                           0x08001ba1   Thumb Code     2  stm32l4xx_it.o(i.PendSV_Handler)
    SVC_Handler                              0x08001ec5   Thumb Code     2  stm32l4xx_it.o(i.SVC_Handler)
    SysTick_Handler                          0x08001ec7   Thumb Code     4  stm32l4xx_it.o(i.SysTick_Handler)
    SystemClock_Config                       0x08001ecd   Thumb Code   112  main.o(i.SystemClock_Config)
    SystemInit                               0x08001f41   Thumb Code    56  system_stm32l4xx.o(i.SystemInit)
    TIM3_Config                              0x08001f85   Thumb Code    64  main.o(i.TIM3_Config)
    TIM3_IRQHandler                          0x08001fd5   Thumb Code     6  stm32l4xx_it.o(i.TIM3_IRQHandler)
    TIM4_Config                              0x08001fe1   Thumb Code    42  main.o(i.TIM4_Config)
    TIM4_IRQHandler                          0x0800201d   Thumb Code     6  stm32l4xx_it.o(i.TIM4_IRQHandler)
    TIM4_OC_Config                           0x08002029   Thumb Code    48  main.o(i.TIM4_OC_Config)
    TIM_Base_SetConfig                       0x08002061   Thumb Code   152  stm32l4xx_hal_tim.o(i.TIM_Base_SetConfig)
    TIM_CCxChannelCmd                        0x08002119   Thumb Code    22  stm32l4xx_hal_tim.o(i.TIM_CCxChannelCmd)
    TIM_OC2_SetConfig                        0x080021cd   Thumb Code   120  stm32l4xx_hal_tim.o(i.TIM_OC2_SetConfig)
    UsageFault_Handler                       0x08002441   Thumb Code     2  stm32l4xx_it.o(i.UsageFault_Handler)
    __scatterload_copy                       0x080028a5   Thumb Code    14  handlers.o(i.__scatterload_copy)
    __scatterload_null                       0x080028b3   Thumb Code     2  handlers.o(i.__scatterload_null)
    __scatterload_zeroinit                   0x080028b5   Thumb Code    14  handlers.o(i.__scatterload_zeroinit)
    main                                     0x080028c5   Thumb Code    72  main.o(i.main)
    LED_PIN                                  0x08002928   Data           4  stm32l476g_discovery.o(.constdata)
    JOY_IRQn                                 0x0800292c   Data           5  stm32l476g_discovery.o(.constdata)
    JOY_PIN                                  0x08002932   Data          10  stm32l476g_discovery.o(.constdata)
    CapLetterMap                             0x0800293c   Data          52  stm32l476g_discovery_glass_lcd.o(.constdata)
    NumberMap                                0x08002970   Data          20  stm32l476g_discovery_glass_lcd.o(.constdata)
    AHBPrescTable                            0x08002984   Data          16  system_stm32l4xx.o(.constdata)
    MSIRangeTable                            0x08002994   Data          48  system_stm32l4xx.o(.constdata)
    Region$$Table$$Base                      0x080029c4   Number         0  anon$$obj.o(Region$$Table)
    Region$$Table$$Limit                     0x080029e4   Number         0  anon$$obj.o(Region$$Table)
    singlePoint                              0x20000000   Data           1  main.o(.data)
    doublePoint                              0x20000001   Data           1  main.o(.data)
    charPosition                             0x20000002   Data           1  main.o(.data)
    Tim3_PrescalerValue                      0x20000004   Data           2  main.o(.data)
    Tim4_PrescalerValue                      0x20000006   Data           2  main.o(.data)
    Tim4_CCR                                 0x20000008   Data           2  main.o(.data)
    isRed                                    0x2000000c   Data           4  main.o(.data)
    ledOn                                    0x20000010   Data           4  main.o(.data)
    LED_PORT                                 0x20000014   Data           8  stm32l476g_discovery.o(.data)
    JOY_PORT                                 0x2000001c   Data          20  stm32l476g_discovery.o(.data)
    bLCDGlass_KeyPressed                     0x20000030   Data           1  stm32l476g_discovery_glass_lcd.o(.data)
    LCDBar                                   0x20000031   Data           1  stm32l476g_discovery_glass_lcd.o(.data)
    uwTick                                   0x20000034   Data           4  stm32l4xx_hal.o(.data)
    SystemCoreClock                          0x20000038   Data           4  system_stm32l4xx.o(.data)
    Tim3_Handle                              0x2000003c   Data          60  main.o(.bss)
    Tim4_Handle                              0x20000078   Data          60  main.o(.bss)
    Tim4_OCInitStructure                     0x200000b4   Data          28  main.o(.bss)
    LCDHandle                                0x200000d0   Data          60  stm32l476g_discovery_glass_lcd.o(.bss)
    Digit                                    0x2000010c   Data          16  stm32l476g_discovery_glass_lcd.o(.bss)
    __initial_sp                             0x20000520   Data           0  startup_stm32l476xx.o(STACK)



==============================================================================

Memory Map of the image

  Image Entry point : 0x08000189

  Load Region LR_IROM1 (Base: 0x08000000, Size: 0x00002a20, Max: 0x00100000, ABSOLUTE)

    Execution Region ER_IROM1 (Base: 0x08000000, Size: 0x000029e4, Max: 0x00100000, ABSOLUTE)

    Base Addr    Size         Type   Attr      Idx    E Section Name        Object

    0x08000000   0x00000188   Data   RO         2708    RESET               startup_stm32l476xx.o
    0x08000188   0x00000000   Code   RO         2751  * .ARM.Collect$$$$00000000  mc_w.l(entry.o)
    0x08000188   0x00000004   Code   RO         2756    .ARM.Collect$$$$00000001  mc_w.l(entry2.o)
    0x0800018c   0x00000004   Code   RO         2759    .ARM.Collect$$$$00000004  mc_w.l(entry5.o)
    0x08000190   0x00000000   Code   RO         2761    .ARM.Collect$$$$00000008  mc_w.l(entry7b.o)
    0x08000190   0x00000000   Code   RO         2763    .ARM.Collect$$$$0000000A  mc_w.l(entry8b.o)
    0x08000190   0x00000008   Code   RO         2764    .ARM.Collect$$$$0000000B  mc_w.l(entry9a.o)
    0x08000198   0x00000000   Code   RO         2766    .ARM.Collect$$$$0000000D  mc_w.l(entry10a.o)
    0x08000198   0x00000000   Code   RO         2768    .ARM.Collect$$$$0000000F  mc_w.l(entry11a.o)
    0x08000198   0x00000004   Code   RO         2757    .ARM.Collect$$$$00002712  mc_w.l(entry2.o)
    0x0800019c   0x00000024   Code   RO         2709    .text               startup_stm32l476xx.o
    0x080001c0   0x00000024   Code   RO         2754    .text               mc_w.l(memseta.o)
    0x080001e4   0x00000024   Code   RO         2770    .text               mc_w.l(init.o)
    0x08000208   0x000000b6   Code   RO          348    i.BSP_JOY_Init      stm32l476g_discovery.o
    0x080002be   0x00000002   PAD
    0x080002c0   0x0000000c   Code   RO          429    i.BSP_LCD_GLASS_Clear  stm32l476g_discovery_glass_lcd.o
    0x080002cc   0x00000030   Code   RO          436    i.BSP_LCD_GLASS_DisplayString  stm32l476g_discovery_glass_lcd.o
    0x080002fc   0x0000004c   Code   RO          437    i.BSP_LCD_GLASS_Init  stm32l476g_discovery_glass_lcd.o
    0x08000348   0x000000de   Code   RO          438    i.BSP_LCD_GLASS_ScrollSentence  stm32l476g_discovery_glass_lcd.o
    0x08000426   0x00000002   PAD
    0x08000428   0x00000070   Code   RO          350    i.BSP_LED_Init      stm32l476g_discovery.o
    0x08000498   0x00000018   Code   RO          353    i.BSP_LED_Toggle    stm32l476g_discovery.o
    0x080004b0   0x00000002   Code   RO          227    i.BusFault_Handler  stm32l4xx_it.o
    0x080004b2   0x00000002   PAD
    0x080004b4   0x00000108   Code   RO          439    i.Convert           stm32l476g_discovery_glass_lcd.o
    0x080005bc   0x00000002   Code   RO          228    i.DebugMon_Handler  stm32l4xx_it.o
    0x080005be   0x00000006   Code   RO          229    i.EXTI0_IRQHandler  stm32l4xx_it.o
    0x080005c4   0x00000006   Code   RO          230    i.EXTI1_IRQHandler  stm32l4xx_it.o
    0x080005ca   0x00000006   Code   RO          231    i.EXTI2_IRQHandler  stm32l4xx_it.o
    0x080005d0   0x00000006   Code   RO          232    i.EXTI3_IRQHandler  stm32l4xx_it.o
    0x080005d6   0x00000006   Code   RO          233    i.EXTI9_5_IRQHandler  stm32l4xx_it.o
    0x080005dc   0x0000001c   Code   RO          548    i.HAL_Delay         stm32l4xx_hal.o
    0x080005f8   0x00000030   Code   RO            4    i.HAL_GPIO_EXTI_Callback  main.o
    0x08000628   0x00000018   Code   RO          879    i.HAL_GPIO_EXTI_IRQHandler  stm32l4xx_hal_gpio.o
    0x08000640   0x000001ca   Code   RO          880    i.HAL_GPIO_Init     stm32l4xx_hal_gpio.o
    0x0800080a   0x00000008   Code   RO          883    i.HAL_GPIO_TogglePin  stm32l4xx_hal_gpio.o
    0x08000812   0x0000000a   Code   RO          884    i.HAL_GPIO_WritePin  stm32l4xx_hal_gpio.o
    0x0800081c   0x0000000c   Code   RO          552    i.HAL_GetTick       stm32l4xx_hal.o
    0x08000828   0x00000010   Code   RO          556    i.HAL_IncTick       stm32l4xx_hal.o
    0x08000838   0x00000016   Code   RO          557    i.HAL_Init          stm32l4xx_hal.o
    0x0800084e   0x00000002   PAD
    0x08000850   0x00000028   Code   RO          558    i.HAL_InitTick      stm32l4xx_hal.o
    0x08000878   0x00000080   Code   RO          943    i.HAL_LCD_Clear     stm32l4xx_hal_lcd.o
    0x080008f8   0x000000fc   Code   RO          947    i.HAL_LCD_Init      stm32l4xx_hal_lcd.o
    0x080009f4   0x00000002   Code   RO          949    i.HAL_LCD_MspInit   stm32l4xx_hal_lcd.o
    0x080009f6   0x00000054   Code   RO          950    i.HAL_LCD_UpdateDisplayRequest  stm32l4xx_hal_lcd.o
    0x08000a4a   0x00000002   PAD
    0x08000a4c   0x00000088   Code   RO          951    i.HAL_LCD_Write     stm32l4xx_hal_lcd.o
    0x08000ad4   0x00000002   Code   RO          174    i.HAL_MspInit       stm32l4xx_hal_msp.o
    0x08000ad6   0x00000016   Code   RO          757    i.HAL_NVIC_EnableIRQ  stm32l4xx_hal_cortex.o
    0x08000aec   0x00000040   Code   RO          763    i.HAL_NVIC_SetPriority  stm32l4xx_hal_cortex.o
    0x08000b2c   0x00000024   Code   RO          764    i.HAL_NVIC_SetPriorityGrouping  stm32l4xx_hal_cortex.o
    0x08000b50   0x00000064   Code   RO         1136    i.HAL_PWREx_ControlVoltageScaling  stm32l4xx_hal_pwr_ex.o
    0x08000bb4   0x00000010   Code   RO         1167    i.HAL_PWREx_GetVoltageRange  stm32l4xx_hal_pwr_ex.o
    0x08000bc4   0x000003ae   Code   RO         1497    i.HAL_RCCEx_PeriphCLKConfig  stm32l4xx_hal_rcc_ex.o
    0x08000f72   0x00000002   PAD
    0x08000f74   0x00000180   Code   RO         1382    i.HAL_RCC_ClockConfig  stm32l4xx_hal_rcc.o
    0x080010f4   0x000000fc   Code   RO         1390    i.HAL_RCC_GetSysClockFreq  stm32l4xx_hal_rcc.o
    0x080011f0   0x00000480   Code   RO         1393    i.HAL_RCC_OscConfig  stm32l4xx_hal_rcc.o
    0x08001670   0x00000028   Code   RO          768    i.HAL_SYSTICK_Config  stm32l4xx_hal_cortex.o
    0x08001698   0x00000002   Code   RO         2259    i.HAL_TIMEx_BreakCallback  stm32l4xx_hal_tim_ex.o
    0x0800169a   0x00000002   Code   RO         2260    i.HAL_TIMEx_CommutationCallback  stm32l4xx_hal_tim_ex.o
    0x0800169c   0x00000036   Code   RO         1620    i.HAL_TIM_Base_Init  stm32l4xx_hal_tim.o
    0x080016d2   0x00000002   PAD
    0x080016d4   0x0000002c   Code   RO          177    i.HAL_TIM_Base_MspInit  stm32l4xx_hal_msp.o
    0x08001700   0x00000018   Code   RO         1625    i.HAL_TIM_Base_Start_IT  stm32l4xx_hal_tim.o
    0x08001718   0x00000002   Code   RO         1649    i.HAL_TIM_IC_CaptureCallback  stm32l4xx_hal_tim.o
    0x0800171a   0x00000166   Code   RO         1662    i.HAL_TIM_IRQHandler  stm32l4xx_hal_tim.o
    0x08001880   0x00000072   Code   RO         1663    i.HAL_TIM_OC_ConfigChannel  stm32l4xx_hal_tim.o
    0x080018f2   0x00000002   PAD
    0x080018f4   0x0000005c   Code   RO            5    i.HAL_TIM_OC_DelayElapsedCallback  main.o
    0x08001950   0x00000036   Code   RO         1667    i.HAL_TIM_OC_Init   stm32l4xx_hal_tim.o
    0x08001986   0x00000002   PAD
    0x08001988   0x0000002c   Code   RO          178    i.HAL_TIM_OC_MspInit  stm32l4xx_hal_msp.o
    0x080019b4   0x00000088   Code   RO         1672    i.HAL_TIM_OC_Start_IT  stm32l4xx_hal_tim.o
    0x08001a3c   0x00000002   Code   RO         1692    i.HAL_TIM_PWM_PulseFinishedCallback  stm32l4xx_hal_tim.o
    0x08001a3e   0x00000002   Code   RO            6    i.HAL_TIM_PeriodElapsedCallback  main.o
    0x08001a40   0x00000002   Code   RO         1703    i.HAL_TIM_TriggerCallback  stm32l4xx_hal_tim.o
    0x08001a42   0x00000002   Code   RO          234    i.HardFault_Handler  stm32l4xx_it.o
    0x08001a44   0x00000108   Code   RO          441    i.LCD_MspInit       stm32l476g_discovery_glass_lcd.o
    0x08001b4c   0x00000030   Code   RO          952    i.LCD_WaitForSynchro  stm32l4xx_hal_lcd.o
    0x08001b7c   0x00000002   Code   RO          235    i.MemManage_Handler  stm32l4xx_it.o
    0x08001b7e   0x00000002   Code   RO          236    i.NMI_Handler       stm32l4xx_it.o
    0x08001b80   0x00000020   Code   RO          770    i.NVIC_SetPriority  stm32l4xx_hal_cortex.o
    0x08001ba0   0x00000002   Code   RO          237    i.PendSV_Handler    stm32l4xx_it.o
    0x08001ba2   0x00000002   PAD
    0x08001ba4   0x00000168   Code   RO         1500    i.RCCEx_PLLSAI1_Config  stm32l4xx_hal_rcc_ex.o
    0x08001d0c   0x0000013c   Code   RO         1501    i.RCCEx_PLLSAI2_Config  stm32l4xx_hal_rcc_ex.o
    0x08001e48   0x0000007c   Code   RO         1394    i.RCC_SetFlashLatencyFromMSIRange  stm32l4xx_hal_rcc.o
    0x08001ec4   0x00000002   Code   RO          238    i.SVC_Handler       stm32l4xx_it.o
    0x08001ec6   0x00000004   Code   RO          239    i.SysTick_Handler   stm32l4xx_it.o
    0x08001eca   0x00000002   PAD
    0x08001ecc   0x00000074   Code   RO            7    i.SystemClock_Config  main.o
    0x08001f40   0x00000044   Code   RO         2717    i.SystemInit        system_stm32l4xx.o
    0x08001f84   0x00000050   Code   RO            8    i.TIM3_Config       main.o
    0x08001fd4   0x0000000c   Code   RO          240    i.TIM3_IRQHandler   stm32l4xx_it.o
    0x08001fe0   0x0000003c   Code   RO            9    i.TIM4_Config       main.o
    0x0800201c   0x0000000c   Code   RO          241    i.TIM4_IRQHandler   stm32l4xx_it.o
    0x08002028   0x00000038   Code   RO           10    i.TIM4_OC_Config    main.o
    0x08002060   0x000000b8   Code   RO         1704    i.TIM_Base_SetConfig  stm32l4xx_hal_tim.o
    0x08002118   0x00000016   Code   RO         1705    i.TIM_CCxChannelCmd  stm32l4xx_hal_tim.o
    0x0800212e   0x00000002   PAD
    0x08002130   0x0000009c   Code   RO         1713    i.TIM_OC1_SetConfig  stm32l4xx_hal_tim.o
    0x080021cc   0x00000090   Code   RO         1714    i.TIM_OC2_SetConfig  stm32l4xx_hal_tim.o
    0x0800225c   0x00000090   Code   RO         1715    i.TIM_OC3_SetConfig  stm32l4xx_hal_tim.o
    0x080022ec   0x00000074   Code   RO         1716    i.TIM_OC4_SetConfig  stm32l4xx_hal_tim.o
    0x08002360   0x00000070   Code   RO         1717    i.TIM_OC5_SetConfig  stm32l4xx_hal_tim.o
    0x080023d0   0x00000070   Code   RO         1718    i.TIM_OC6_SetConfig  stm32l4xx_hal_tim.o
    0x08002440   0x00000002   Code   RO          242    i.UsageFault_Handler  stm32l4xx_it.o
    0x08002442   0x00000002   PAD
    0x08002444   0x00000460   Code   RO          442    i.WriteChar         stm32l476g_discovery_glass_lcd.o
    0x080028a4   0x0000000e   Code   RO         2774    i.__scatterload_copy  mc_w.l(handlers.o)
    0x080028b2   0x00000002   Code   RO         2775    i.__scatterload_null  mc_w.l(handlers.o)
    0x080028b4   0x0000000e   Code   RO         2776    i.__scatterload_zeroinit  mc_w.l(handlers.o)
    0x080028c2   0x00000002   PAD
    0x080028c4   0x00000064   Code   RO           11    i.main              main.o
    0x08002928   0x00000014   Data   RO          355    .constdata          stm32l476g_discovery.o
    0x0800293c   0x00000048   Data   RO          444    .constdata          stm32l476g_discovery_glass_lcd.o
    0x08002984   0x00000040   Data   RO         2718    .constdata          system_stm32l4xx.o
    0x080029c4   0x00000020   Data   RO         2772    Region$$Table       anon$$obj.o


    Execution Region RW_IRAM1 (Base: 0x20000000, Size: 0x00000520, Max: 0x00018000, ABSOLUTE)

    Base Addr    Size         Type   Attr      Idx    E Section Name        Object

    0x20000000   0x00000014   Data   RW           13    .data               main.o
    0x20000014   0x0000001c   Data   RW          356    .data               stm32l476g_discovery.o
    0x20000030   0x00000002   Data   RW          445    .data               stm32l476g_discovery_glass_lcd.o
    0x20000032   0x00000002   PAD
    0x20000034   0x00000004   Data   RW          573    .data               stm32l4xx_hal.o
    0x20000038   0x00000004   Data   RW         2720    .data               system_stm32l4xx.o
    0x2000003c   0x00000094   Zero   RW           12    .bss                main.o
    0x200000d0   0x0000004c   Zero   RW          443    .bss                stm32l476g_discovery_glass_lcd.o
    0x2000011c   0x00000004   PAD
    0x20000120   0x00000400   Zero   RW         2706    STACK               startup_stm32l476xx.o


==============================================================================

Image component sizes


      Code (inc. data)   RO Data    RW Data    ZI Data      Debug   Object Name

       554         88          0         20        148     845057   main.o
        36          8        392          0       1024        880   startup_stm32l476xx.o
       318         40         20         28          0       3888   stm32l476g_discovery.o
      2006        106         72          2         76       7955   stm32l476g_discovery_glass_lcd.o
       118         18          0          4          0       4623   stm32l4xx_hal.o
       194         14          0          0          0      30907   stm32l4xx_hal_cortex.o
       500         44          0          0          0       4132   stm32l4xx_hal_gpio.o
       650          4          0          0          0       5745   stm32l4xx_hal_lcd.o
        90          8          0          0          0       1994   stm32l4xx_hal_msp.o
       116         20          0          0          0       1498   stm32l4xx_hal_pwr_ex.o
      1912         62          0          0          0       5974   stm32l4xx_hal_rcc.o
      1618         40          0          0          0       4484   stm32l4xx_hal_rcc_ex.o
      1736        200          0          0          0      14750   stm32l4xx_hal_tim.o
         4          0          0          0          0       1930   stm32l4xx_hal_tim_ex.o
        74         12          0          0          0       7527   stm32l4xx_it.o
        68         12         64          4          0       1397   system_stm32l4xx.o

    ----------------------------------------------------------------------
     10020        676        580         60       1252     942741   Object Totals
         0          0         32          0          0          0   (incl. Generated)
        26          0          0          2          4          0   (incl. Padding)

    ----------------------------------------------------------------------

      Code (inc. data)   RO Data    RW Data    ZI Data      Debug   Library Member Name

         0          0          0          0          0          0   entry.o
         0          0          0          0          0          0   entry10a.o
         0          0          0          0          0          0   entry11a.o
         8          4          0          0          0          0   entry2.o
         4          0          0          0          0          0   entry5.o
         0          0          0          0          0          0   entry7b.o
         0          0          0          0          0          0   entry8b.o
         8          4          0          0          0          0   entry9a.o
        30          0          0          0          0          0   handlers.o
        36          8          0          0          0         68   init.o
        36          0          0          0          0        108   memseta.o

    ----------------------------------------------------------------------
       124         16          0          0          0        176   Library Totals
         2          0          0          0          0          0   (incl. Padding)

    ----------------------------------------------------------------------

      Code (inc. data)   RO Data    RW Data    ZI Data      Debug   Library Name

       122         16          0          0          0        176   mc_w.l

    ----------------------------------------------------------------------
       124         16          0          0          0        176   Library Totals

    ----------------------------------------------------------------------

==============================================================================


      Code (inc. data)   RO Data    RW Data    ZI Data      Debug   

     10144        692        580         60       1252     935121   Grand Totals
     10144        692        580         60       1252     935121   ELF Image Totals
     10144        692        580         60          0          0   ROM Totals

==============================================================================

    Total RO  Size (Code + RO Data)                10724 (  10.47kB)
    Total RW  Size (RW Data + ZI Data)              1312 (   1.28kB)
    Total ROM Size (Code + RO Data + RW Data)      10784 (  10.53kB)

==============================================================================

